Component: ARM Compiler 5.06 update 2 (build 183) Tool: armlink [4d35b7]

==============================================================================

Section Cross References

    main.o(i.Check_Alarm) refers to stm32f10x_gpio.o(i.GPIO_ResetBits) for GPIO_ResetBits
    main.o(i.Check_Alarm) refers to printf6.o(i.__0printf$6) for __2printf
    main.o(i.Check_Alarm) refers to main.o(.bss) for g_alarms
    main.o(i.Check_Alarm) refers to main.o(.data) for g_hour
    main.o(i.Display_Time) refers to printf6.o(i.__0sprintf$6) for __2sprintf
    main.o(i.Display_Time) refers to bsp_oled.o(i.BSP_OLED_ShowString) for BSP_OLED_ShowString
    main.o(i.Display_Time) refers to main.o(.data) for g_weekday
    main.o(i.Display_Time) refers to main.o(.bss) for g_alarms
    main.o(i.Process_Key) refers to bsp_key.o(i.BSP_Key_Scan) for BSP_Key_Scan
    main.o(i.Process_Key) refers to bsp_delay.o(i.BSP_Delay_ms) for BSP_Delay_ms
    main.o(i.Process_Key) refers to main.o(.data) for key_set_mode
    main.o(i.Process_Serial_Command) refers to _scanf_int.o(.text) for _scanf_int
    main.o(i.Process_Serial_Command) refers to strncpy.o(.text) for strncpy
    main.o(i.Process_Serial_Command) refers to __0sscanf.o(.text) for __0sscanf
    main.o(i.Process_Serial_Command) refers to printf6.o(i.__0printf$6) for __2printf
    main.o(i.Process_Serial_Command) refers to main.o(.data) for rx_complete
    main.o(i.Process_Serial_Command) refers to main.o(.bss) for rx_buffer
    main.o(i.USART1_IRQHandler) refers to stm32f10x_usart.o(i.USART_GetITStatus) for USART_GetITStatus
    main.o(i.USART1_IRQHandler) refers to stm32f10x_usart.o(i.USART_ReceiveData) for USART_ReceiveData
    main.o(i.USART1_IRQHandler) refers to stm32f10x_usart.o(i.USART_ClearITPendingBit) for USART_ClearITPendingBit
    main.o(i.USART1_IRQHandler) refers to main.o(.data) for rx_complete
    main.o(i.USART1_IRQHandler) refers to main.o(.bss) for rx_buffer
    main.o(i.main) refers to misc.o(i.NVIC_PriorityGroupConfig) for NVIC_PriorityGroupConfig
    main.o(i.main) refers to bsp_led.o(i.BSP_LED_Init) for BSP_LED_Init
    main.o(i.main) refers to bsp_delay.o(i.BSP_Delay_Init) for BSP_Delay_Init
    main.o(i.main) refers to bsp_oled.o(i.BSP_OLED_Init) for BSP_OLED_Init
    main.o(i.main) refers to bsp_timer.o(i.BSP_Timer_Init) for BSP_Timer_Init
    main.o(i.main) refers to bsp_key.o(i.BSP_Key_Init) for BSP_Key_Init
    main.o(i.main) refers to bsp_uart.o(i.BSP_USART1_Init) for BSP_USART1_Init
    main.o(i.main) refers to bsp_adc.o(i.BSP_ADC_Init) for BSP_ADC_Init
    main.o(i.main) refers to stm32f10x_gpio.o(i.GPIO_SetBits) for GPIO_SetBits
    main.o(i.main) refers to bsp_oled.o(i.BSP_OLED_Clear) for BSP_OLED_Clear
    main.o(i.main) refers to bsp_oled.o(i.BSP_OLED_ShowString) for BSP_OLED_ShowString
    main.o(i.main) refers to bsp_delay.o(i.BSP_Delay_ms) for BSP_Delay_ms
    main.o(i.main) refers to printf6.o(i.__0printf$6) for __2printf
    main.o(i.main) refers to main.o(i.Process_Serial_Command) for Process_Serial_Command
    main.o(i.main) refers to main.o(i.Display_Time) for Display_Time
    main.o(i.main) refers to bsp_led.o(i.BSP_LED_Toggle) for BSP_LED_Toggle
    main.o(i.main) refers to main.o(i.Check_Alarm) for Check_Alarm
    main.o(i.main) refers to bsp_adc.o(i.BSP_ADC_Read) for BSP_ADC_Read
    main.o(i.main) refers to stm32f10x_gpio.o(i.GPIO_ResetBits) for GPIO_ResetBits
    main.o(i.main) refers to main.o(i.Process_Key) for Process_Key
    main.o(i.main) refers to main.o(.data) for one_second_flag
    stm32f10x_it.o(i.EXTI15_10_IRQHandler) refers to stm32f10x_exti.o(i.EXTI_GetITStatus) for EXTI_GetITStatus
    stm32f10x_it.o(i.EXTI15_10_IRQHandler) refers to stm32f10x_exti.o(i.EXTI_ClearITPendingBit) for EXTI_ClearITPendingBit
    stm32f10x_it.o(i.EXTI9_5_IRQHandler) refers to stm32f10x_exti.o(i.EXTI_GetITStatus) for EXTI_GetITStatus
    stm32f10x_it.o(i.EXTI9_5_IRQHandler) refers to stm32f10x_exti.o(i.EXTI_ClearITPendingBit) for EXTI_ClearITPendingBit
    bsp_delay.o(i.BSP_Delay_Init) refers to misc.o(i.SysTick_CLKSourceConfig) for SysTick_CLKSourceConfig
    bsp_delay.o(i.BSP_Delay_Init) refers to system_stm32f10x.o(.data) for SystemCoreClock
    bsp_delay.o(i.BSP_Delay_Init) refers to bsp_delay.o(.data) for fac_us
    bsp_delay.o(i.BSP_Delay_ms) refers to bsp_delay.o(.data) for fac_ms
    bsp_delay.o(i.BSP_Delay_us) refers to bsp_delay.o(.data) for fac_us
    bsp_extint.o(i.BSP_ExtInt_EXTI_Init) refers to stm32f10x_rcc.o(i.RCC_APB2PeriphClockCmd) for RCC_APB2PeriphClockCmd
    bsp_extint.o(i.BSP_ExtInt_EXTI_Init) refers to stm32f10x_gpio.o(i.GPIO_EXTILineConfig) for GPIO_EXTILineConfig
    bsp_extint.o(i.BSP_ExtInt_EXTI_Init) refers to stm32f10x_exti.o(i.EXTI_Init) for EXTI_Init
    bsp_extint.o(i.BSP_ExtInt_Init) refers to bsp_extint.o(i.BSP_ExtInt_EXTI_Init) for BSP_ExtInt_EXTI_Init
    bsp_extint.o(i.BSP_ExtInt_Init) refers to bsp_extint.o(i.BSP_ExtInt_NVIC_Init) for BSP_ExtInt_NVIC_Init
[...]
    printf7.o(i.__0snprintf$7) refers to printf7.o(i._snputc) for _snputc
    printf7.o(i.__0sprintf$7) refers to printf7.o(i._printf_core) for _printf_core
    printf7.o(i.__0sprintf$7) refers to printf7.o(i._sputc) for _sputc
    printf7.o(i.__0vfprintf$7) refers to printf7.o(i._printf_core) for _printf_core
    printf7.o(i.__0vfprintf$7) refers to bsp_uart.o(i.fputc) for fputc
    printf7.o(i.__0vprintf$7) refers to printf7.o(i._printf_core) for _printf_core
    printf7.o(i.__0vprintf$7) refers to bsp_uart.o(i.fputc) for fputc
    printf7.o(i.__0vprintf$7) refers to stdout.o(.data) for __stdout
    printf7.o(i.__0vsnprintf$7) refers to printf7.o(i._printf_core) for _printf_core
    printf7.o(i.__0vsnprintf$7) refers to printf7.o(i._snputc) for _snputc
    printf7.o(i.__0vsprintf$7) refers to printf7.o(i._printf_core) for _printf_core
    printf7.o(i.__0vsprintf$7) refers to printf7.o(i._sputc) for _sputc
    printf7.o(i._printf_core) refers to printf7.o(i._printf_pre_padding) for _printf_pre_padding
    printf7.o(i._printf_core) refers to uldiv.o(.text) for __aeabi_uldivmod
    printf7.o(i._printf_core) refers to printf7.o(i._printf_post_padding) for _printf_post_padding
    printf8.o(i.__0fprintf$8) refers to printf8.o(i._printf_core) for _printf_core
    printf8.o(i.__0fprintf$8) refers to bsp_uart.o(i.fputc) for fputc
    printf8.o(i.__0printf$8) refers to printf8.o(i._printf_core) for _printf_core
    printf8.o(i.__0printf$8) refers to bsp_uart.o(i.fputc) for fputc
    printf8.o(i.__0printf$8) refers to stdout.o(.data) for __stdout
    printf8.o(i.__0snprintf$8) refers to printf8.o(i._printf_core) for _printf_core
    printf8.o(i.__0snprintf$8) refers to printf8.o(i._snputc) for _snputc
    printf8.o(i.__0sprintf$8) refers to printf8.o(i._printf_core) for _printf_core
    printf8.o(i.__0sprintf$8) refers to printf8.o(i._sputc) for _sputc
    printf8.o(i.__0vfprintf$8) refers to printf8.o(i._printf_core) for _printf_core
    printf8.o(i.__0vfprintf$8) refers to bsp_uart.o(i.fputc) for fputc
    printf8.o(i.__0vprintf$8) refers to printf8.o(i._printf_core) for _printf_core
    printf8.o(i.__0vprintf$8) refers to bsp_uart.o(i.fputc) for fputc
    printf8.o(i.__0vprintf$8) refers to stdout.o(.data) for __stdout
    printf8.o(i.__0vsnprintf$8) refers to printf8.o(i._printf_core) for _printf_core
    printf8.o(i.__0vsnprintf$8) refers to printf8.o(i._snputc) for _snputc
    printf8.o(i.__0vsprintf$8) refers to printf8.o(i._printf_core) for _printf_core
    printf8.o(i.__0vsprintf$8) refers to printf8.o(i._sputc) for _sputc
    printf8.o(i._printf_core) refers to printf8.o(i._printf_pre_padding) for _printf_pre_padding
    printf8.o(i._printf_core) refers to uldiv.o(.text) for __aeabi_uldivmod
    printf8.o(i._printf_core) refers to printf8.o(i._printf_post_padding) for _printf_post_padding
    printfa.o(i.__0fprintf) refers (Special) to iusefp.o(.text) for __I$use$fp
    printfa.o(i.__0fprintf) refers to printfa.o(i._printf_core) for _printf_core
    printfa.o(i.__0fprintf) refers to bsp_uart.o(i.fputc) for fputc
    printfa.o(i.__0printf) refers (Special) to iusefp.o(.text) for __I$use$fp
    printfa.o(i.__0printf) refers to printfa.o(i._printf_core) for _printf_core
    printfa.o(i.__0printf) refers to bsp_uart.o(i.fputc) for fputc
    printfa.o(i.__0printf) refers to stdout.o(.data) for __stdout
    printfa.o(i.__0snprintf) refers (Special) to iusefp.o(.text) for __I$use$fp
    printfa.o(i.__0snprintf) refers to printfa.o(i._printf_core) for _printf_core
    printfa.o(i.__0snprintf) refers to printfa.o(i._snputc) for _snputc
    printfa.o(i.__0sprintf) refers (Special) to iusefp.o(.text) for __I$use$fp
    printfa.o(i.__0sprintf) refers to printfa.o(i._printf_core) for _printf_core
    printfa.o(i.__0sprintf) refers to printfa.o(i._sputc) for _sputc
    printfa.o(i.__0vfprintf) refers (Special) to iusefp.o(.text) for __I$use$fp
    printfa.o(i.__0vfprintf) refers to printfa.o(i._printf_core) for _printf_core
    printfa.o(i.__0vfprintf) refers to bsp_uart.o(i.fputc) for fputc
    printfa.o(i.__0vprintf) refers (Special) to iusefp.o(.text) for __I$use$fp
    printfa.o(i.__0vprintf) refers to printfa.o(i._printf_core) for _printf_core
    printfa.o(i.__0vprintf) refers to bsp_uart.o(i.fputc) for fputc
    printfa.o(i.__0vprintf) refers to stdout.o(.data) for __stdout
    printfa.o(i.__0vsnprintf) refers (Special) to iusefp.o(.text) for __I$use$fp
    printfa.o(i.__0vsnprintf) refers to printfa.o(i._printf_core) for _printf_core
    printfa.o(i.__0vsnprintf) refers to printfa.o(i._snputc) for _snputc
    printfa.o(i.__0vsprintf) refers (Special) to iusefp.o(.text) for __I$use$fp
    printfa.o(i.__0vsprintf) refers to printfa.o(i._printf_core) for _printf_core
    printfa.o(i.__0vsprintf) refers to printfa.o(i._sputc) for _sputc
    printfa.o(i._fp_digits) refers (Special) to iusefp.o(.text) for __I$use$fp
    printfa.o(i._fp_digits) refers to dmul.o(.text) for __aeabi_dmul
    printfa.o(i._fp_digits) refers to ddiv.o(.text) for __aeabi_ddiv
    printfa.o(i._fp_digits) refers to cdrcmple.o(.text) for __aeabi_cdrcmple
    printfa.o(i._fp_digits) refers to dadd.o(.text) for __aeabi_dadd
    printfa.o(i._fp_digits) refers to dfixul.o(.text) for __aeabi_d2ulz
    printfa.o(i._fp_digits) refers to uldiv.o(.text) for __aeabi_uldivmod
    printfa.o(i._printf_core) refers (Special) to iusefp.o(.text) for __I$use$fp
    printfa.o(i._printf_core) refers to printfa.o(i._printf_pre_padding) for _printf_pre_padding
    printfa.o(i._printf_core) refers to uldiv.o(.text) for __aeabi_uldivmod
    printfa.o(i._printf_core) refers to printfa.o(i._printf_post_padding) for _printf_post_padding
    printfa.o(i._printf_core) refers to printfa.o(i._fp_digits) for _fp_digits
    printfa.o(i._printf_core) refers to uidiv.o(.text) for __aeabi_uidivmod
    printfa.o(i._printf_post_padding) refers (Special) to iusefp.o(.text) for __I$use$fp
    printfa.o(i._printf_pre_padding) refers (Special) to iusefp.o(.text) for __I$use$fp
    printfa.o(i._snputc) refers (Special) to iusefp.o(.text) for __I$use$fp
    printfa.o(i._sputc) refers (Special) to iusefp.o(.text) for __I$use$fp
    __0sscanf.o(.text) refers to scanf_char.o(.text) for __vfscanf_char
    __0sscanf.o(.text) refers to _sgetc.o(.text) for _sgetc
    _scanf_int.o(.text) refers to _chval.o(.text) for _chval
    entry2.o(.ARM.Collect$$$$00000001) refers to entry2.o(.ARM.Collect$$$$00002712) for __lit__00000000
    entry2.o(.ARM.Collect$$$$00002712) refers to startup_stm32f10x_hd.o(STACK) for __initial_sp
    entry2.o(__vectab_stack_and_reset_area) refers to startup_stm32f10x_hd.o(STACK) for __initial_sp
    entry2.o(__vectab_stack_and_reset_area) refers to entry.o(.ARM.Collect$$$$00000000) for __main
    entry5.o(.ARM.Collect$$$$00000004) refers to init.o(.text) for __scatterload
    entry9a.o(.ARM.Collect$$$$0000000B) refers to main.o(i.main) for main
    entry9b.o(.ARM.Collect$$$$0000000C) refers to main.o(i.main) for main
    uldiv.o(.text) refers to llushr.o(.text) for __aeabi_llsr
    uldiv.o(.text) refers to llshl.o(.text) for __aeabi_llsl
    scanf_char.o(.text) refers to _scanf.o(.text) for __vfscanf
    scanf_char.o(.text) refers to isspace_c.o(.text) for isspace
    dadd.o(.text) refers to llshl.o(.text) for __aeabi_llsl
    dadd.o(.text) refers to llsshr.o(.text) for __aeabi_lasr
    dadd.o(.text) refers to depilogue.o(.text) for _double_epilogue
    dmul.o(.text) refers to depilogue.o(.text) for _double_epilogue
    ddiv.o(.text) refers to depilogue.o(.text) for _double_round
    dfixul.o(.text) refers to llushr.o(.text) for __aeabi_llsr
    dfixul.o(.text) refers to llshl.o(.text) for __aeabi_llsl
    init.o(.text) refers to entry5.o(.ARM.Collect$$$$00000004) for __main_after_scatterload
    isspace_c.o(.text) refers to ctype_c.o(.text) for __ctype_lookup
    _scanf.o(.text) refers (Weak) to _scanf_int.o(.text) for _scanf_int
    depilogue.o(.text) refers to llshl.o(.text) for __aeabi_llsl
    depilogue.o(.text) refers to llushr.o(.text) for __aeabi_llsr
    ctype_c.o(.text) refers to ctype_c.o(.constdata) for .constdata


==============================================================================

Removing Unused input sections from the image.

    Removing main.o(.rev16_text), (4 bytes).
    Removing main.o(.revsh_text), (4 bytes).
    Removing main.o(.rrx_text), (6 bytes).
    Removing stm32f10x_it.o(.rev16_text), (4 bytes).
    Removing stm32f10x_it.o(.revsh_text), (4 bytes).
    Removing stm32f10x_it.o(.rrx_text), (6 bytes).
    Removing bsp_delay.o(.rev16_text), (4 bytes).
    Removing bsp_delay.o(.revsh_text), (4 bytes).
    Removing bsp_delay.o(.rrx_text), (6 bytes).
    Removing bsp_delay.o(i.BSP_Delay_us), (76 bytes).
    Removing bsp_extint.o(.rev16_text), (4 bytes).
    Removing bsp_extint.o(.revsh_text), (4 bytes).
    Removing bsp_extint.o(.rrx_text), (6 bytes).
    Removing bsp_extint.o(i.BSP_ExtInt_EXTI_Init), (110 bytes).
    Removing bsp_extint.o(i.BSP_ExtInt_Init), (12 bytes).
    Removing bsp_extint.o(i.BSP_ExtInt_NVIC_Init), (64 bytes).
    Removing bsp_key.o(.rev16_text), (4 bytes).
    Removing bsp_key.o(.revsh_text), (4 bytes).
    Removing bsp_key.o(.rrx_text), (6 bytes).
    Removing bsp_led.o(.rev16_text), (4 bytes).
    Removing bsp_led.o(.revsh_text), (4 bytes).
    Removing bsp_led.o(.rrx_text), (6 bytes).
    Removing bsp_led.o(i.BSP_LED_On), (80 bytes).
    Removing bsp_oled.o(.rev16_text), (4 bytes).
    Removing bsp_oled.o(.revsh_text), (4 bytes).
    Removing bsp_oled.o(.rrx_text), (6 bytes).
    Removing bsp_oled.o(i.BSP_OLED_DisplayOff), (28 bytes).
    Removing bsp_oled.o(i.BSP_OLED_DisplayOn), (28 bytes).
    Removing bsp_oled.o(i.BSP_OLED_DrawBMP), (76 bytes).
    Removing bsp_oled.o(i.BSP_OLED_DrawPoint), (104 bytes).
    Removing bsp_oled.o(i.BSP_OLED_Pow), (22 bytes).
    Removing bsp_oled.o(i.BSP_OLED_ScrollH), (96 bytes).
    Removing bsp_oled.o(i.BSP_OLED_ScrollHV1), (88 bytes).
    Removing bsp_oled.o(i.BSP_OLED_ScrollHV2), (116 bytes).
    Removing bsp_oled.o(i.BSP_OLED_ScrollHV3), (132 bytes).
    Removing bsp_oled.o(i.BSP_OLED_ScrollStart), (12 bytes).
    Removing bsp_oled.o(i.BSP_OLED_ScrollStop), (12 bytes).
    Removing bsp_oled.o(i.BSP_OLED_ShowChinese), (92 bytes).
    Removing bsp_oled.o(i.BSP_OLED_ShowNum), (132 bytes).
    Removing bsp_oled.o(i.OLED_Refresh_Gram), (72 bytes).
    Removing bsp_oled.o(.bss), (1024 bytes).
    Removing bsp_systick.o(.rev16_text), (4 bytes).
    Removing bsp_systick.o(.revsh_text), (4 bytes).
    Removing bsp_systick.o(.rrx_text), (6 bytes).
    Removing bsp_systick.o(i.BSP_SysTick_Init), (84 bytes).
    Removing bsp_systick.o(i.BSP_SysTick_Start), (18 bytes).
    Removing bsp_systick.o(i.BSP_SysTick_Stop), (18 bytes).
    Removing bsp_systick.o(i.BSP_SysTick_ms), (44 bytes).
    Removing bsp_systick.o(.data), (4 bytes).
    Removing bsp_timer.o(.rev16_text), (4 bytes).
    Removing bsp_timer.o(.revsh_text), (4 bytes).
    Removing bsp_timer.o(.rrx_text), (6 bytes).
    Removing bsp_uart.o(.rev16_text), (4 bytes).
    Removing bsp_uart.o(.revsh_text), (4 bytes).
    Removing bsp_uart.o(.rrx_text), (6 bytes).
    Removing bsp_uart.o(i.USART1_SendByte), (32 bytes).
    Removing bsp_uart.o(i.USART1_SendString), (22 bytes).
    Removing bsp_uart.o(i._sys_exit), (4 bytes).
    Removing bsp_uart.o(i._ttywrch), (4 bytes).
    Removing bsp_adc.o(.rev16_text), (4 bytes).
    Removing bsp_adc.o(.revsh_text), (4 bytes).
    Removing bsp_adc.o(.rrx_text), (6 bytes).
    Removing misc.o(.rev16_text), (4 bytes).
    Removing misc.o(.revsh_text), (4 bytes).
    Removing misc.o(.rrx_text), (6 bytes).
    Removing misc.o(i.NVIC_SetVectorTable), (20 bytes).
    Removing misc.o(i.NVIC_SystemLPConfig), (32 bytes).
    Removing stm32f10x_adc.o(.rev16_text), (4 bytes).
    Removing stm32f10x_adc.o(.revsh_text), (4 bytes).
    Removing stm32f10x_adc.o(.rrx_text), (6 bytes).
    Removing stm32f10x_adc.o(i.ADC_AnalogWatchdogCmd), (20 bytes).
    Removing stm32f10x_adc.o(i.ADC_AnalogWatchdogSingleChannelConfig), (16 bytes).
    Removing stm32f10x_adc.o(i.ADC_AnalogWatchdogThresholdsConfig), (6 bytes).
    Removing stm32f10x_adc.o(i.ADC_AutoInjectedConvCmd), (22 bytes).
    Removing stm32f10x_adc.o(i.ADC_ClearFlag), (6 bytes).
    Removing stm32f10x_adc.o(i.ADC_ClearITPendingBit), (10 bytes).
    Removing stm32f10x_adc.o(i.ADC_DMACmd), (22 bytes).
    Removing stm32f10x_adc.o(i.ADC_DiscModeChannelCountConfig), (24 bytes).
    Removing stm32f10x_adc.o(i.ADC_DiscModeCmd), (22 bytes).
    Removing stm32f10x_adc.o(i.ADC_ExternalTrigConvCmd), (22 bytes).
    Removing stm32f10x_adc.o(i.ADC_ExternalTrigInjectedConvCmd), (22 bytes).
    Removing stm32f10x_adc.o(i.ADC_ExternalTrigInjectedConvConfig), (16 bytes).
    Removing stm32f10x_adc.o(i.ADC_GetDualModeConversionValue), (12 bytes).
    Removing stm32f10x_adc.o(i.ADC_GetITStatus), (36 bytes).
    Removing stm32f10x_adc.o(i.ADC_GetInjectedConversionValue), (28 bytes).
    Removing stm32f10x_adc.o(i.ADC_GetSoftwareStartConvStatus), (20 bytes).
    Removing stm32f10x_adc.o(i.ADC_GetSoftwareStartInjectedConvCmdStatus), (20 bytes).
    Removing stm32f10x_adc.o(i.ADC_ITConfig), (24 bytes).
    Removing stm32f10x_adc.o(i.ADC_InjectedChannelConfig), (130 bytes).
    Removing stm32f10x_adc.o(i.ADC_InjectedDiscModeCmd), (22 bytes).
    Removing stm32f10x_adc.o(i.ADC_InjectedSequencerLengthConfig), (24 bytes).
    Removing stm32f10x_adc.o(i.ADC_SetInjectedOffset), (20 bytes).
    Removing stm32f10x_adc.o(i.ADC_SoftwareStartInjectedConvCmd), (22 bytes).
    Removing stm32f10x_adc.o(i.ADC_StructInit), (18 bytes).
    Removing stm32f10x_adc.o(i.ADC_TempSensorVrefintCmd), (36 bytes).
    Removing stm32f10x_exti.o(.rev16_text), (4 bytes).
    Removing stm32f10x_exti.o(.revsh_text), (4 bytes).
    Removing stm32f10x_exti.o(.rrx_text), (6 bytes).
    Removing stm32f10x_exti.o(i.EXTI_ClearFlag), (12 bytes).
    Removing stm32f10x_exti.o(i.EXTI_DeInit), (36 bytes).
    Removing stm32f10x_exti.o(i.EXTI_GenerateSWInterrupt), (16 bytes).
    Removing stm32f10x_exti.o(i.EXTI_GetFlagStatus), (24 bytes).
    Removing stm32f10x_exti.o(i.EXTI_Init), (148 bytes).
    Removing stm32f10x_exti.o(i.EXTI_StructInit), (16 bytes).
    Removing stm32f10x_gpio.o(.rev16_text), (4 bytes).
    Removing stm32f10x_gpio.o(.revsh_text), (4 bytes).
    Removing stm32f10x_gpio.o(.rrx_text), (6 bytes).
    Removing stm32f10x_gpio.o(i.GPIO_AFIODeInit), (20 bytes).
    Removing stm32f10x_gpio.o(i.GPIO_DeInit), (200 bytes).
    Removing stm32f10x_gpio.o(i.GPIO_ETH_MediaInterfaceConfig), (12 bytes).
    Removing stm32f10x_gpio.o(i.GPIO_EXTILineConfig), (64 bytes).
    Removing stm32f10x_gpio.o(i.GPIO_EventOutputCmd), (12 bytes).
    Removing stm32f10x_gpio.o(i.GPIO_EventOutputConfig), (32 bytes).
    Removing stm32f10x_gpio.o(i.GPIO_PinLockConfig), (18 bytes).
    Removing stm32f10x_gpio.o(i.GPIO_PinRemapConfig), (144 bytes).
    Removing stm32f10x_gpio.o(i.GPIO_ReadInputData), (8 bytes).
    Removing stm32f10x_gpio.o(i.GPIO_ReadOutputData), (8 bytes).
    Removing stm32f10x_gpio.o(i.GPIO_StructInit), (16 bytes).
    Removing stm32f10x_gpio.o(i.GPIO_Write), (4 bytes).
    Removing stm32f10x_rcc.o(.rev16_text), (4 bytes).
    Removing stm32f10x_rcc.o(.revsh_text), (4 bytes).
    Removing stm32f10x_rcc.o(.rrx_text), (6 bytes).
    Removing stm32f10x_rcc.o(i.RCC_AHBPeriphClockCmd), (32 bytes).
    Removing stm32f10x_rcc.o(i.RCC_APB1PeriphResetCmd), (32 bytes).
    Removing stm32f10x_rcc.o(i.RCC_AdjustHSICalibrationValue), (24 bytes).
    Removing stm32f10x_rcc.o(i.RCC_BackupResetCmd), (12 bytes).
    Removing stm32f10x_rcc.o(i.RCC_ClearFlag), (20 bytes).
    Removing stm32f10x_rcc.o(i.RCC_ClearITPendingBit), (12 bytes).
    Removing stm32f10x_rcc.o(i.RCC_ClockSecuritySystemCmd), (12 bytes).
    Removing stm32f10x_rcc.o(i.RCC_DeInit), (76 bytes).
    Removing stm32f10x_rcc.o(i.RCC_GetFlagStatus), (60 bytes).
    Removing stm32f10x_rcc.o(i.RCC_GetITStatus), (24 bytes).
    Removing stm32f10x_rcc.o(i.RCC_GetSYSCLKSource), (16 bytes).
    Removing stm32f10x_rcc.o(i.RCC_HCLKConfig), (24 bytes).
    Removing stm32f10x_rcc.o(i.RCC_HSEConfig), (76 bytes).
    Removing stm32f10x_rcc.o(i.RCC_HSICmd), (12 bytes).
    Removing stm32f10x_rcc.o(i.RCC_ITConfig), (32 bytes).
    Removing stm32f10x_rcc.o(i.RCC_LSEConfig), (52 bytes).
    Removing stm32f10x_rcc.o(i.RCC_LSICmd), (12 bytes).
    Removing stm32f10x_rcc.o(i.RCC_MCOConfig), (12 bytes).
    Removing stm32f10x_rcc.o(i.RCC_PCLK1Config), (24 bytes).
    Removing stm32f10x_rcc.o(i.RCC_PCLK2Config), (24 bytes).
    Removing stm32f10x_rcc.o(i.RCC_PLLCmd), (12 bytes).
    Removing stm32f10x_rcc.o(i.RCC_PLLConfig), (28 bytes).
    Removing stm32f10x_rcc.o(i.RCC_RTCCLKCmd), (12 bytes).
    Removing stm32f10x_rcc.o(i.RCC_RTCCLKConfig), (16 bytes).
    Removing stm32f10x_rcc.o(i.RCC_SYSCLKConfig), (24 bytes).
    Removing stm32f10x_rcc.o(i.RCC_USBCLKConfig), (12 bytes).
    Removing stm32f10x_rcc.o(i.RCC_WaitForHSEStartUp), (56 bytes).
    Removing stm32f10x_tim.o(.rev16_text), (4 bytes).
    Removing stm32f10x_tim.o(.revsh_text), (4 bytes).
    Removing stm32f10x_tim.o(.rrx_text), (6 bytes).
    Removing stm32f10x_tim.o(i.TI1_Config), (128 bytes).
    Removing stm32f10x_tim.o(i.TI2_Config), (152 bytes).
    Removing stm32f10x_tim.o(i.TI3_Config), (144 bytes).
    Removing stm32f10x_tim.o(i.TI4_Config), (152 bytes).
    Removing stm32f10x_tim.o(i.TIM_ARRPreloadConfig), (24 bytes).
    Removing stm32f10x_tim.o(i.TIM_BDTRConfig), (32 bytes).
    Removing stm32f10x_tim.o(i.TIM_BDTRStructInit), (18 bytes).
    Removing stm32f10x_tim.o(i.TIM_CCPreloadControl), (24 bytes).
    Removing stm32f10x_tim.o(i.TIM_CCxCmd), (30 bytes).
    Removing stm32f10x_tim.o(i.TIM_CCxNCmd), (30 bytes).
    Removing stm32f10x_tim.o(i.TIM_ClearFlag), (6 bytes).
    Removing stm32f10x_tim.o(i.TIM_ClearOC1Ref), (18 bytes).
    Removing stm32f10x_tim.o(i.TIM_ClearOC2Ref), (24 bytes).
    Removing stm32f10x_tim.o(i.TIM_ClearOC3Ref), (18 bytes).
    Removing stm32f10x_tim.o(i.TIM_ClearOC4Ref), (24 bytes).
    Removing stm32f10x_tim.o(i.TIM_CounterModeConfig), (18 bytes).
    Removing stm32f10x_tim.o(i.TIM_CtrlPWMOutputs), (30 bytes).
    Removing stm32f10x_tim.o(i.TIM_DMACmd), (18 bytes).
    Removing stm32f10x_tim.o(i.TIM_DMAConfig), (10 bytes).
    Removing stm32f10x_tim.o(i.TIM_DeInit), (488 bytes).
    Removing stm32f10x_tim.o(i.TIM_ETRClockMode1Config), (54 bytes).
    Removing stm32f10x_tim.o(i.TIM_ETRClockMode2Config), (32 bytes).
    Removing stm32f10x_tim.o(i.TIM_ETRConfig), (28 bytes).
    Removing stm32f10x_tim.o(i.TIM_EncoderInterfaceConfig), (66 bytes).
    Removing stm32f10x_tim.o(i.TIM_ForcedOC1Config), (18 bytes).
    Removing stm32f10x_tim.o(i.TIM_ForcedOC2Config), (26 bytes).
    Removing stm32f10x_tim.o(i.TIM_ForcedOC3Config), (18 bytes).
    Removing stm32f10x_tim.o(i.TIM_ForcedOC4Config), (26 bytes).
    Removing stm32f10x_tim.o(i.TIM_GenerateEvent), (4 bytes).
    Removing stm32f10x_tim.o(i.TIM_GetCapture1), (6 bytes).
    Removing stm32f10x_tim.o(i.TIM_GetCapture2), (6 bytes).
    Removing stm32f10x_tim.o(i.TIM_GetCapture3), (6 bytes).
    Removing stm32f10x_tim.o(i.TIM_GetCapture4), (8 bytes).
    Removing stm32f10x_tim.o(i.TIM_GetCounter), (6 bytes).
    Removing stm32f10x_tim.o(i.TIM_GetFlagStatus), (18 bytes).
    Removing stm32f10x_tim.o(i.TIM_GetPrescaler), (6 bytes).
    Removing stm32f10x_tim.o(i.TIM_ICInit), (172 bytes).
    Removing stm32f10x_tim.o(i.TIM_ICStructInit), (18 bytes).
    Removing stm32f10x_tim.o(i.TIM_ITRxExternalClockConfig), (24 bytes).
    Removing stm32f10x_tim.o(i.TIM_InternalClockConfig), (12 bytes).
    Removing stm32f10x_tim.o(i.TIM_OC1FastConfig), (18 bytes).
    Removing stm32f10x_tim.o(i.TIM_OC1Init), (152 bytes).
    Removing stm32f10x_tim.o(i.TIM_OC1NPolarityConfig), (18 bytes).
    Removing stm32f10x_tim.o(i.TIM_OC1PolarityConfig), (18 bytes).
    Removing stm32f10x_tim.o(i.TIM_OC1PreloadConfig), (18 bytes).
    Removing stm32f10x_tim.o(i.TIM_OC2FastConfig), (26 bytes).
    Removing stm32f10x_tim.o(i.TIM_OC2Init), (164 bytes).
    Removing stm32f10x_tim.o(i.TIM_OC2NPolarityConfig), (26 bytes).
    Removing stm32f10x_tim.o(i.TIM_OC2PolarityConfig), (26 bytes).
    Removing stm32f10x_tim.o(i.TIM_OC2PreloadConfig), (26 bytes).
    Removing stm32f10x_tim.o(i.TIM_OC3FastConfig), (18 bytes).
    Removing stm32f10x_tim.o(i.TIM_OC3Init), (160 bytes).
    Removing stm32f10x_tim.o(i.TIM_OC3NPolarityConfig), (26 bytes).
    Removing stm32f10x_tim.o(i.TIM_OC3PolarityConfig), (26 bytes).
    Removing stm32f10x_tim.o(i.TIM_OC3PreloadConfig), (18 bytes).
    Removing stm32f10x_tim.o(i.TIM_OC4FastConfig), (26 bytes).
    Removing stm32f10x_tim.o(i.TIM_OC4Init), (124 bytes).
    Removing stm32f10x_tim.o(i.TIM_OC4PolarityConfig), (26 bytes).
    Removing stm32f10x_tim.o(i.TIM_OC4PreloadConfig), (26 bytes).
    Removing stm32f10x_tim.o(i.TIM_OCStructInit), (20 bytes).
    Removing stm32f10x_tim.o(i.TIM_PWMIConfig), (124 bytes).
    Removing stm32f10x_tim.o(i.TIM_PrescalerConfig), (6 bytes).
    Removing stm32f10x_tim.o(i.TIM_SelectCCDMA), (24 bytes).
    Removing stm32f10x_tim.o(i.TIM_SelectCOM), (24 bytes).
    Removing stm32f10x_tim.o(i.TIM_SelectHallSensor), (24 bytes).
    Removing stm32f10x_tim.o(i.TIM_SelectInputTrigger), (18 bytes).
    Removing stm32f10x_tim.o(i.TIM_SelectMasterSlaveMode), (18 bytes).
    Removing stm32f10x_tim.o(i.TIM_SelectOCxM), (82 bytes).
    Removing stm32f10x_tim.o(i.TIM_SelectOnePulseMode), (18 bytes).
    Removing stm32f10x_tim.o(i.TIM_SelectOutputTrigger), (18 bytes).
    Removing stm32f10x_tim.o(i.TIM_SelectSlaveMode), (18 bytes).
    Removing stm32f10x_tim.o(i.TIM_SetAutoreload), (4 bytes).
    Removing stm32f10x_tim.o(i.TIM_SetClockDivision), (18 bytes).
    Removing stm32f10x_tim.o(i.TIM_SetCompare1), (4 bytes).
    Removing stm32f10x_tim.o(i.TIM_SetCompare2), (4 bytes).
    Removing stm32f10x_tim.o(i.TIM_SetCompare3), (4 bytes).
    Removing stm32f10x_tim.o(i.TIM_SetCompare4), (6 bytes).
    Removing stm32f10x_tim.o(i.TIM_SetCounter), (4 bytes).
    Removing stm32f10x_tim.o(i.TIM_SetIC1Prescaler), (18 bytes).
    Removing stm32f10x_tim.o(i.TIM_SetIC2Prescaler), (26 bytes).
    Removing stm32f10x_tim.o(i.TIM_SetIC3Prescaler), (18 bytes).
    Removing stm32f10x_tim.o(i.TIM_SetIC4Prescaler), (26 bytes).
    Removing stm32f10x_tim.o(i.TIM_TIxExternalClockConfig), (62 bytes).
    Removing stm32f10x_tim.o(i.TIM_TimeBaseStructInit), (18 bytes).
    Removing stm32f10x_tim.o(i.TIM_UpdateDisableConfig), (24 bytes).
    Removing stm32f10x_tim.o(i.TIM_UpdateRequestConfig), (24 bytes).
    Removing stm32f10x_usart.o(.rev16_text), (4 bytes).
    Removing stm32f10x_usart.o(.revsh_text), (4 bytes).
    Removing stm32f10x_usart.o(.rrx_text), (6 bytes).
    Removing stm32f10x_usart.o(i.USART_ClearFlag), (18 bytes).
    Removing stm32f10x_usart.o(i.USART_ClockInit), (34 bytes).
    Removing stm32f10x_usart.o(i.USART_ClockStructInit), (12 bytes).
    Removing stm32f10x_usart.o(i.USART_DMACmd), (18 bytes).
    Removing stm32f10x_usart.o(i.USART_DeInit), (156 bytes).
    Removing stm32f10x_usart.o(i.USART_HalfDuplexCmd), (24 bytes).
    Removing stm32f10x_usart.o(i.USART_IrDACmd), (24 bytes).
    Removing stm32f10x_usart.o(i.USART_IrDAConfig), (18 bytes).
    Removing stm32f10x_usart.o(i.USART_LINBreakDetectLengthConfig), (18 bytes).
    Removing stm32f10x_usart.o(i.USART_LINCmd), (24 bytes).
    Removing stm32f10x_usart.o(i.USART_OneBitMethodCmd), (24 bytes).
    Removing stm32f10x_usart.o(i.USART_OverSampling8Cmd), (22 bytes).
    Removing stm32f10x_usart.o(i.USART_ReceiverWakeUpCmd), (24 bytes).
    Removing stm32f10x_usart.o(i.USART_SendBreak), (10 bytes).
    Removing stm32f10x_usart.o(i.USART_SetAddress), (18 bytes).
    Removing stm32f10x_usart.o(i.USART_SetGuardTime), (16 bytes).
    Removing stm32f10x_usart.o(i.USART_SetPrescaler), (16 bytes).
    Removing stm32f10x_usart.o(i.USART_SmartCardCmd), (24 bytes).
    Removing stm32f10x_usart.o(i.USART_SmartCardNACKCmd), (24 bytes).
    Removing stm32f10x_usart.o(i.USART_StructInit), (24 bytes).
    Removing stm32f10x_usart.o(i.USART_WakeUpConfig), (18 bytes).
    Removing startup_stm32f10x_hd.o(HEAP), (512 bytes).
    Removing system_stm32f10x.o(.rev16_text), (4 bytes).
    Removing system_stm32f10x.o(.revsh_text), (4 bytes).
    Removing system_stm32f10x.o(.rrx_text), (6 bytes).
    Removing system_stm32f10x.o(i.SystemCoreClockUpdate), (164 bytes).
    Removing dadd.o(.text), (334 bytes).
    Removing dmul.o(.text), (228 bytes).
    Removing ddiv.o(.text), (222 bytes).
    Removing dfixul.o(.text), (48 bytes).
    Removing cdrcmple.o(.text), (48 bytes).
    Removing depilogue.o(.text), (186 bytes).

273 unused section(s) (total 10928 bytes) removed from the image.

==============================================================================

Image Symbol Table

    Local Symbols

    Symbol Name                              Value     Ov Type        Size  Object(Section)

    ../clib/microlib/ctype/ctype.c           0x00000000   Number         0  ctype_c.o ABSOLUTE
    ../clib/microlib/ctype/ctype.c           0x00000000   Number         0  isspace_c.o ABSOLUTE
    ../clib/microlib/division.c              0x00000000   Number         0  uldiv.o ABSOLUTE
    ../clib/microlib/division.c              0x00000000   Number         0  uidiv.o ABSOLUTE
    ../clib/microlib/init/entry.s            0x00000000   Number         0  entry2.o ABSOLUTE
    ../clib/microlib/init/entry.s            0x00000000   Number         0  entry5.o ABSOLUTE
    ../clib/microlib/init/entry.s            0x00000000   Number         0  entry10a.o ABSOLUTE
    ../clib/microlib/init/entry.s            0x00000000   Number         0  entry11a.o ABSOLUTE
    ../clib/microlib/init/entry.s            0x00000000   Number         0  entry10b.o ABSOLUTE
    ../clib/microlib/init/entry.s            0x00000000   Number         0  entry7a.o ABSOLUTE
    ../clib/microlib/init/entry.s            0x00000000   Number         0  entry8a.o ABSOLUTE
    ../clib/microlib/init/entry.s            0x00000000   Number         0  entry11b.o ABSOLUTE
    ../clib/microlib/init/entry.s            0x00000000   Number         0  entry8b.o ABSOLUTE
    ../clib/microlib/init/entry.s            0x00000000   Number         0  entry9a.o ABSOLUTE
    ../clib/microlib/init/entry.s            0x00000000   Number         0  entry9b.o ABSOLUTE
    ../clib/microlib/init/entry.s            0x00000000   Number         0  entry.o ABSOLUTE
    ../clib/microlib/init/entry.s            0x00000000   Number         0  entry7b.o ABSOLUTE
    ../clib/microlib/longlong.c              0x00000000   Number         0  llsshr.o ABSOLUTE
    ../clib/microlib/longlong.c              0x00000000   Number         0  llushr.o ABSOLUTE
    ../clib/microlib/longlong.c              0x00000000   Number         0  llshl.o ABSOLUTE
    ../clib/microlib/printf/printf.c         0x00000000   Number         0  printfa.o ABSOLUTE
    ../clib/microlib/printf/printf.c         0x00000000   Number         0  printf8.o ABSOLUTE
    ../clib/microlib/printf/printf.c         0x00000000   Number         0  printf7.o ABSOLUTE
    ../clib/microlib/printf/printf.c         0x00000000   Number         0  printf6.o ABSOLUTE
    ../clib/microlib/printf/printf.c         0x00000000   Number         0  printf4.o ABSOLUTE
    ../clib/microlib/printf/printf.c         0x00000000   Number         0  printf3.o ABSOLUTE
    ../clib/microlib/printf/printf.c         0x00000000   Number         0  printf2.o ABSOLUTE
    ../clib/microlib/printf/printf.c         0x00000000   Number         0  printf1.o ABSOLUTE
    ../clib/microlib/printf/printf.c         0x00000000   Number         0  printfb.o ABSOLUTE
    ../clib/microlib/printf/printf.c         0x00000000   Number         0  printf0.o ABSOLUTE
    ../clib/microlib/printf/printf.c         0x00000000   Number         0  printf5.o ABSOLUTE
    ../clib/microlib/printf/stubs.s          0x00000000   Number         0  stubs.o ABSOLUTE
    ../clib/microlib/stdio/streams.c         0x00000000   Number         0  stdout.o ABSOLUTE
    ../clib/microlib/string/strncpy.c        0x00000000   Number         0  strncpy.o ABSOLUTE
    ../clib/microlib/stubs.s                 0x00000000   Number         0  iusefp.o ABSOLUTE
    ../clib/microlib/stubs.s                 0x00000000   Number         0  useno.o ABSOLUTE
    ../clib/scanf.c                          0x00000000   Number         0  _sgetc.o ABSOLUTE
    ../clib/scanf.c                          0x00000000   Number         0  scanf_char.o ABSOLUTE
    ../clib/scanf.c                          0x00000000   Number         0  _scanf.o ABSOLUTE
    ../clib/scanf.c                          0x00000000   Number         0  _chval.o ABSOLUTE
    ../clib/scanf.c                          0x00000000   Number         0  _scanf_int.o ABSOLUTE
    ../clib/scanf.c                          0x00000000   Number         0  __0sscanf.o ABSOLUTE
    ../fplib/microlib/fpadd.c                0x00000000   Number         0  dadd.o ABSOLUTE
    ../fplib/microlib/fpdiv.c                0x00000000   Number         0  ddiv.o ABSOLUTE
    ../fplib/microlib/fpepilogue.c           0x00000000   Number         0  depilogue.o ABSOLUTE
    ../fplib/microlib/fpfix.c                0x00000000   Number         0  dfixul.o ABSOLUTE
    ../fplib/microlib/fpmul.c                0x00000000   Number         0  dmul.o ABSOLUTE
    ..\App\main.c                            0x00000000   Number         0  main.o ABSOLUTE
    ..\App\stm32f10x_it.c                    0x00000000   Number         0  stm32f10x_it.o ABSOLUTE
    ..\Board\Source\BSP_ADC.c                0x00000000   Number         0  bsp_adc.o ABSOLUTE
    ..\Board\Source\BSP_Delay.c              0x00000000   Number         0  bsp_delay.o ABSOLUTE
    ..\Board\Source\BSP_ExtInt.c             0x00000000   Number         0  bsp_extint.o ABSOLUTE
    ..\Board\Source\BSP_Key.c                0x00000000   Number         0  bsp_key.o ABSOLUTE
    ..\Board\Source\BSP_LED.c                0x00000000   Number         0  bsp_led.o ABSOLUTE
    ..\Board\Source\BSP_OLED.c               0x00000000   Number         0  bsp_oled.o ABSOLUTE
    ..\Board\Source\BSP_SysTick.c            0x00000000   Number         0  bsp_systick.o ABSOLUTE
    ..\Board\Source\BSP_Timer.c              0x00000000   Number         0  bsp_timer.o ABSOLUTE
    ..\Board\Source\BSP_UART.c               0x00000000   Number         0  bsp_uart.o ABSOLUTE
    ..\\App\\main.c                          0x00000000   Number         0  main.o ABSOLUTE
    ..\\App\\stm32f10x_it.c                  0x00000000   Number         0  stm32f10x_it.o ABSOLUTE
    ..\\Board\\Source\\BSP_ADC.c             0x00000000   Number         0  bsp_adc.o ABSOLUTE
    ..\\Board\\Source\\BSP_Delay.c           0x00000000   Number         0  bsp_delay.o ABSOLUTE
    ..\\Board\\Source\\BSP_ExtInt.c          0x00000000   Number         0  bsp_extint.o ABSOLUTE
    ..\\Board\\Source\\BSP_Key.c             0x00000000   Number         0  bsp_key.o ABSOLUTE
    ..\\Board\\Source\\BSP_LED.c             0x00000000   Number         0  bsp_led.o ABSOLUTE
    ..\\Board\\Source\\BSP_OLED.c            0x00000000   Number         0  bsp_oled.o ABSOLUTE
    ..\\Board\\Source\\BSP_SysTick.c         0x00000000   Number         0  bsp_systick.o ABSOLUTE
    ..\\Board\\Source\\BSP_Timer.c           0x00000000   Number         0  bsp_timer.o ABSOLUTE
    ..\\Board\\Source\\BSP_UART.c            0x00000000   Number         0  bsp_uart.o ABSOLUTE
    C:\Keil_v5\ARM\PACK\Keil\STM32F1xx_DFP\2.1.0\Device\StdPeriph_Driver\src\misc.c 0x00000000   Number         0  misc.o ABSOLUTE
    C:\Keil_v5\ARM\PACK\Keil\STM32F1xx_DFP\2.1.0\Device\StdPeriph_Driver\src\stm32f10x_adc.c 0x00000000   Number         0  stm32f10x_adc.o ABSOLUTE
    C:\Keil_v5\ARM\PACK\Keil\STM32F1xx_DFP\2.1.0\Device\StdPeriph_Driver\src\stm32f10x_exti.c 0x00000000   Number         0  stm32f10x_exti.o ABSOLUTE
    C:\Keil_v5\ARM\PACK\Keil\STM32F1xx_DFP\2.1.0\Device\StdPeriph_Driver\src\stm32f10x_gpio.c 0x00000000   Number         0  stm32f10x_gpio.o ABSOLUTE
    C:\Keil_v5\ARM\PACK\Keil\STM32F1xx_DFP\2.1.0\Device\StdPeriph_Driver\src\stm32f10x_rcc.c 0x00000000   Number         0  stm32f10x_rcc.o ABSOLUTE
    C:\Keil_v5\ARM\PACK\Keil\STM32F1xx_DFP\2.1.0\Device\StdPeriph_Driver\src\stm32f10x_tim.c 0x00000000   Number         0  stm32f10x_tim.o ABSOLUTE
    C:\Keil_v5\ARM\PACK\Keil\STM32F1xx_DFP\2.1.0\Device\StdPeriph_Driver\src\stm32f10x_usart.c 0x00000000   Number         0  stm32f10x_usart.o ABSOLUTE
    C:\\Keil_v5\\ARM\\PACK\\Keil\\STM32F1xx_DFP\\2.1.0\\Device\\StdPeriph_Driver\\src\\misc.c 0x00000000   Number         0  misc.o ABSOLUTE
    C:\\Keil_v5\\ARM\\PACK\\Keil\\STM32F1xx_DFP\\2.1.0\\Device\\StdPeriph_Driver\\src\\stm32f10x_adc.c 0x00000000   Number         0  stm32f10x_adc.o ABSOLUTE
    C:\\Keil_v5\\ARM\\PACK\\Keil\\STM32F1xx_DFP\\2.1.0\\Device\\StdPeriph_Driver\\src\\stm32f10x_exti.c 0x00000000   Number         0  stm32f10x_exti.o ABSOLUTE
    C:\\Keil_v5\\ARM\\PACK\\Keil\\STM32F1xx_DFP\\2.1.0\\Device\\StdPeriph_Driver\\src\\stm32f10x_gpio.c 0x00000000   Number         0  stm32f10x_gpio.o ABSOLUTE
    C:\\Keil_v5\\ARM\\PACK\\Keil\\STM32F1xx_DFP\\2.1.0\\Device\\StdPeriph_Driver\\src\\stm32f10x_rcc.c 0x00000000   Number         0  stm32f10x_rcc.o ABSOLUTE
    C:\\Keil_v5\\ARM\\PACK\\Keil\\STM32F1xx_DFP\\2.1.0\\Device\\StdPeriph_Driver\\src\\stm32f10x_tim.c 0x00000000   Number         0  stm32f10x_tim.o ABSOLUTE
    C:\\Keil_v5\\ARM\\PACK\\Keil\\STM32F1xx_DFP\\2.1.0\\Device\\StdPeriph_Driver\\src\\stm32f10x_usart.c 0x00000000   Number         0  stm32f10x_usart.o ABSOLUTE
    RTE\Device\STM32F103VC\startup_stm32f10x_hd.s 0x00000000   Number         0  startup_stm32f10x_hd.o ABSOLUTE
    RTE\Device\STM32F103VC\system_stm32f10x.c 0x00000000   Number         0  system_stm32f10x.o ABSOLUTE
    RTE\\Device\\STM32F103VC\\system_stm32f10x.c 0x00000000   Number         0  system_stm32f10x.o ABSOLUTE
    cdrcmple.s                               0x00000000   Number         0  cdrcmple.o ABSOLUTE
    dc.s                                     0x00000000   Number         0  dc.o ABSOLUTE
    handlers.s                               0x00000000   Number         0  handlers.o ABSOLUTE
    init.s                                   0x00000000   Number         0  init.o ABSOLUTE
    RESET                                    0x08000000   Section      304  startup_stm32f10x_hd.o(RESET)
    .ARM.Collect$$$$00000000                 0x08000130   Section        0  entry.o(.ARM.Collect$$$$00000000)
    .ARM.Collect$$$$00000001                 0x08000130   Section        4  entry2.o(.ARM.Collect$$$$00000001)
    .ARM.Collect$$$$00000004                 0x08000134   Section        4  entry5.o(.ARM.Collect$$$$00000004)
    .ARM.Collect$$$$00000008                 0x08000138   Section        0  entry7b.o(.ARM.Collect$$$$00000008)
    .ARM.Collect$$$$0000000A                 0x08000138   Section        0  entry8b.o(.ARM.Collect$$$$0000000A)
    .ARM.Collect$$$$0000000B                 0x08000138   Section        8  entry9a.o(.ARM.Collect$$$$0000000B)
    .ARM.Collect$$$$0000000D                 0x08000140   Section        0  entry10a.o(.ARM.Collect$$$$0000000D)
    .ARM.Collect$$$$0000000F                 0x08000140   Section        0  entry11a.o(.ARM.Collect$$$$0000000F)
    .ARM.Collect$$$$00002712                 0x08000140   Section        4  entry2.o(.ARM.Collect$$$$00002712)
    __lit__00000000                          0x08000140   Data           4  entry2.o(.ARM.Collect$$$$00002712)
    .text                                    0x08000144   Section       36  startup_stm32f10x_hd.o(.text)
    .text                                    0x08000168   Section        0  strncpy.o(.text)
    .text                                    0x08000180   Section        0  __0sscanf.o(.text)
    .text                                    0x080001b8   Section        0  _scanf_int.o(.text)
    .text                                    0x08000304   Section        0  uidiv.o(.text)
    .text                                    0x08000330   Section        0  _chval.o(.text)
    .text                                    0x0800034c   Section        0  scanf_char.o(.text)
    _scanf_char_input                        0x0800034d   Thumb Code    12  scanf_char.o(.text)
    .text                                    0x08000374   Section        0  _sgetc.o(.text)
    .text                                    0x080003b4   Section       36  init.o(.text)
    .text                                    0x080003d8   Section        0  isspace_c.o(.text)
    .text                                    0x080003e4   Section        0  _scanf.o(.text)
    .text                                    0x08000710   Section        0  ctype_c.o(.text)
    i.ADC_Cmd                                0x08000738   Section        0  stm32f10x_adc.o(i.ADC_Cmd)
    i.ADC_DeInit                             0x08000750   Section        0  stm32f10x_adc.o(i.ADC_DeInit)
    i.ADC_GetCalibrationStatus               0x080007ac   Section        0  stm32f10x_adc.o(i.ADC_GetCalibrationStatus)
    i.ADC_GetConversionValue                 0x080007c0   Section        0  stm32f10x_adc.o(i.ADC_GetConversionValue)
    i.ADC_GetFlagStatus                      0x080007c8   Section        0  stm32f10x_adc.o(i.ADC_GetFlagStatus)
    i.ADC_GetResetCalibrationStatus          0x080007da   Section        0  stm32f10x_adc.o(i.ADC_GetResetCalibrationStatus)
    i.ADC_Init                               0x080007f0   Section        0  stm32f10x_adc.o(i.ADC_Init)
    i.ADC_RegularChannelConfig               0x08000840   Section        0  stm32f10x_adc.o(i.ADC_RegularChannelConfig)
    i.ADC_ResetCalibration                   0x080008f8   Section        0  stm32f10x_adc.o(i.ADC_ResetCalibration)
    i.ADC_SoftwareStartConvCmd               0x08000902   Section        0  stm32f10x_adc.o(i.ADC_SoftwareStartConvCmd)
    i.ADC_StartCalibration                   0x08000918   Section        0  stm32f10x_adc.o(i.ADC_StartCalibration)
    i.BSP_ADC_Init                           0x08000924   Section        0  bsp_adc.o(i.BSP_ADC_Init)
    i.BSP_ADC_Read                           0x080009b0   Section        0  bsp_adc.o(i.BSP_ADC_Read)
    i.BSP_Delay_Init                         0x080009f4   Section        0  bsp_delay.o(i.BSP_Delay_Init)
    i.BSP_Delay_ms                           0x08000a30   Section        0  bsp_delay.o(i.BSP_Delay_ms)
    i.BSP_Key_GPIO_Init                      0x08000a84   Section        0  bsp_key.o(i.BSP_Key_GPIO_Init)
    BSP_Key_GPIO_Init                        0x08000a85   Thumb Code    88  bsp_key.o(i.BSP_Key_GPIO_Init)
    i.BSP_Key_Init                           0x08000ae4   Section        0  bsp_key.o(i.BSP_Key_Init)
    i.BSP_Key_Scan                           0x08000aec   Section        0  bsp_key.o(i.BSP_Key_Scan)
    i.BSP_LED_GPIO_Init                      0x08000b58   Section        0  bsp_led.o(i.BSP_LED_GPIO_Init)
    BSP_LED_GPIO_Init                        0x08000b59   Thumb Code    44  bsp_led.o(i.BSP_LED_GPIO_Init)
    i.BSP_LED_Init                           0x08000b88   Section        0  bsp_led.o(i.BSP_LED_Init)
    i.BSP_LED_Off                            0x08000b90   Section        0  bsp_led.o(i.BSP_LED_Off)
    i.BSP_LED_Toggle                         0x08000be0   Section        0  bsp_led.o(i.BSP_LED_Toggle)
    i.BSP_OLED_All                           0x08000c94   Section        0  bsp_oled.o(i.BSP_OLED_All)
    i.BSP_OLED_Clear                         0x08000cd4   Section        0  bsp_oled.o(i.BSP_OLED_Clear)
    i.BSP_OLED_GPIO_Init                     0x08000d14   Section        0  bsp_oled.o(i.BSP_OLED_GPIO_Init)
    BSP_OLED_GPIO_Init                       0x08000d15   Thumb Code    92  bsp_oled.o(i.BSP_OLED_GPIO_Init)
    i.BSP_OLED_Init                          0x08000d78   Section        0  bsp_oled.o(i.BSP_OLED_Init)
    i.BSP_OLED_SD1306_Init                   0x08000d88   Section        0  bsp_oled.o(i.BSP_OLED_SD1306_Init)
    BSP_OLED_SD1306_Init                     0x08000d89   Thumb Code   106  bsp_oled.o(i.BSP_OLED_SD1306_Init)
    i.BSP_OLED_SetPos                        0x08000df8   Section        0  bsp_oled.o(i.BSP_OLED_SetPos)
    i.BSP_OLED_ShowChar                      0x08000e24   Section        0  bsp_oled.o(i.BSP_OLED_ShowChar)
    i.BSP_OLED_ShowString                    0x08000e90   Section        0  bsp_oled.o(i.BSP_OLED_ShowString)
    i.BSP_OLED_WriteByte                     0x08000ec8   Section        0  bsp_oled.o(i.BSP_OLED_WriteByte)
    i.BSP_Timer_Init                         0x08000f48   Section        0  bsp_timer.o(i.BSP_Timer_Init)
    i.BSP_Timer_NVIC_Init                    0x08000f54   Section        0  bsp_timer.o(i.BSP_Timer_NVIC_Init)
    BSP_Timer_NVIC_Init                      0x08000f55   Thumb Code    32  bsp_timer.o(i.BSP_Timer_NVIC_Init)
    i.BSP_Timer_TIM2_Init                    0x08000f74   Section        0  bsp_timer.o(i.BSP_Timer_TIM2_Init)
    BSP_Timer_TIM2_Init                      0x08000f75   Thumb Code    64  bsp_timer.o(i.BSP_Timer_TIM2_Init)
    i.BSP_USART1_GPIO_Init                   0x08000fb4   Section        0  bsp_uart.o(i.BSP_USART1_GPIO_Init)
    BSP_USART1_GPIO_Init                     0x08000fb5   Thumb Code    62  bsp_uart.o(i.BSP_USART1_GPIO_Init)
    i.BSP_USART1_Init                        0x08000ff8   Section        0  bsp_uart.o(i.BSP_USART1_Init)
    i.BSP_USART1_NVIC_Init                   0x08001048   Section        0  bsp_uart.o(i.BSP_USART1_NVIC_Init)
    BSP_USART1_NVIC_Init                     0x08001049   Thumb Code    34  bsp_uart.o(i.BSP_USART1_NVIC_Init)
    i.BusFault_Handler                       0x0800106a   Section        0  stm32f10x_it.o(i.BusFault_Handler)
    i.Check_Alarm                            0x08001070   Section        0  main.o(i.Check_Alarm)
    Check_Alarm                              0x08001071   Thumb Code   148  main.o(i.Check_Alarm)
    i.DebugMon_Handler                       0x08001138   Section        0  stm32f10x_it.o(i.DebugMon_Handler)
    i.Display_Time                           0x0800113c   Section        0  main.o(i.Display_Time)
    Display_Time                             0x0800113d   Thumb Code   230  main.o(i.Display_Time)
    i.EXTI15_10_IRQHandler                   0x080012b0   Section        0  stm32f10x_it.o(i.EXTI15_10_IRQHandler)
    i.EXTI9_5_IRQHandler                     0x080012ea   Section        0  stm32f10x_it.o(i.EXTI9_5_IRQHandler)
    i.EXTI_ClearITPendingBit                 0x08001300   Section        0  stm32f10x_exti.o(i.EXTI_ClearITPendingBit)
    i.EXTI_GetITStatus                       0x0800130c   Section        0  stm32f10x_exti.o(i.EXTI_GetITStatus)
    i.GPIO_Init                              0x08001334   Section        0  stm32f10x_gpio.o(i.GPIO_Init)
    i.GPIO_ReadInputDataBit                  0x0800144a   Section        0  stm32f10x_gpio.o(i.GPIO_ReadInputDataBit)
    i.GPIO_ReadOutputDataBit                 0x0800145c   Section        0  stm32f10x_gpio.o(i.GPIO_ReadOutputDataBit)
    i.GPIO_ResetBits                         0x0800146e   Section        0  stm32f10x_gpio.o(i.GPIO_ResetBits)
    i.GPIO_SetBits                           0x08001472   Section        0  stm32f10x_gpio.o(i.GPIO_SetBits)
    i.GPIO_WriteBit                          0x08001476   Section        0  stm32f10x_gpio.o(i.GPIO_WriteBit)
    i.HardFault_Handler                      0x08001480   Section        0  stm32f10x_it.o(i.HardFault_Handler)
    i.MemManage_Handler                      0x08001484   Section        0  stm32f10x_it.o(i.MemManage_Handler)
    i.NMI_Handler                            0x08001488   Section        0  stm32f10x_it.o(i.NMI_Handler)
    i.NVIC_Init                              0x0800148c   Section        0  misc.o(i.NVIC_Init)
    i.NVIC_PriorityGroupConfig               0x080014fc   Section        0  misc.o(i.NVIC_PriorityGroupConfig)
    i.PendSV_Handler                         0x08001510   Section        0  stm32f10x_it.o(i.PendSV_Handler)
    i.Process_Key                            0x08001514   Section        0  main.o(i.Process_Key)
    Process_Key                              0x08001515   Thumb Code   412  main.o(i.Process_Key)
    i.Process_Serial_Command                 0x080016cc   Section        0  main.o(i.Process_Serial_Command)
    Process_Serial_Command                   0x080016cd   Thumb Code   178  main.o(i.Process_Serial_Command)
    i.RCC_ADCCLKConfig                       0x0800182c   Section        0  stm32f10x_rcc.o(i.RCC_ADCCLKConfig)
    i.RCC_APB1PeriphClockCmd                 0x08001844   Section        0  stm32f10x_rcc.o(i.RCC_APB1PeriphClockCmd)
    i.RCC_APB2PeriphClockCmd                 0x08001864   Section        0  stm32f10x_rcc.o(i.RCC_APB2PeriphClockCmd)
    i.RCC_APB2PeriphResetCmd                 0x08001884   Section        0  stm32f10x_rcc.o(i.RCC_APB2PeriphResetCmd)
    i.RCC_GetClocksFreq                      0x080018a4   Section        0  stm32f10x_rcc.o(i.RCC_GetClocksFreq)
    i.SVC_Handler                            0x08001978   Section        0  stm32f10x_it.o(i.SVC_Handler)
    i.SetSysClock                            0x0800197a   Section        0  system_stm32f10x.o(i.SetSysClock)
    SetSysClock                              0x0800197b   Thumb Code     8  system_stm32f10x.o(i.SetSysClock)
    i.SetSysClockTo72                        0x08001984   Section        0  system_stm32f10x.o(i.SetSysClockTo72)
    SetSysClockTo72                          0x08001985   Thumb Code   214  system_stm32f10x.o(i.SetSysClockTo72)
    i.SysTick_CLKSourceConfig                0x08001a64   Section        0  misc.o(i.SysTick_CLKSourceConfig)
    i.SysTick_Handler                        0x08001a8c   Section        0  stm32f10x_it.o(i.SysTick_Handler)
    i.SystemInit                             0x08001a90   Section        0  system_stm32f10x.o(i.SystemInit)
    i.TIM2_IRQHandler                        0x08001af0   Section        0  bsp_timer.o(i.TIM2_IRQHandler)
    i.TIM_ClearITPendingBit                  0x08001bc8   Section        0  stm32f10x_tim.o(i.TIM_ClearITPendingBit)
    i.TIM_Cmd                                0x08001bce   Section        0  stm32f10x_tim.o(i.TIM_Cmd)
    i.TIM_GetITStatus                        0x08001be6   Section        0  stm32f10x_tim.o(i.TIM_GetITStatus)
    i.TIM_ITConfig                           0x08001c08   Section        0  stm32f10x_tim.o(i.TIM_ITConfig)
    i.TIM_TimeBaseInit                       0x08001c1c   Section        0  stm32f10x_tim.o(i.TIM_TimeBaseInit)
    i.USART1_IRQHandler                      0x08001cc0   Section        0  main.o(i.USART1_IRQHandler)
    i.USART_ClearITPendingBit                0x08001d40   Section        0  stm32f10x_usart.o(i.USART_ClearITPendingBit)
    i.USART_Cmd                              0x08001d5e   Section        0  stm32f10x_usart.o(i.USART_Cmd)
    i.USART_GetFlagStatus                    0x08001d76   Section        0  stm32f10x_usart.o(i.USART_GetFlagStatus)
    i.USART_GetITStatus                      0x08001d90   Section        0  stm32f10x_usart.o(i.USART_GetITStatus)
    i.USART_ITConfig                         0x08001de4   Section        0  stm32f10x_usart.o(i.USART_ITConfig)
    i.USART_Init                             0x08001e30   Section        0  stm32f10x_usart.o(i.USART_Init)
    i.USART_ReceiveData                      0x08001f08   Section        0  stm32f10x_usart.o(i.USART_ReceiveData)
    i.USART_SendData                         0x08001f12   Section        0  stm32f10x_usart.o(i.USART_SendData)
    i.UsageFault_Handler                     0x08001f1a   Section        0  stm32f10x_it.o(i.UsageFault_Handler)
    i.__0printf$6                            0x08001f20   Section        0  printf6.o(i.__0printf$6)
    i.__0sprintf$6                           0x08001f40   Section        0  printf6.o(i.__0sprintf$6)
    i.__scatterload_copy                     0x08001f68   Section       14  handlers.o(i.__scatterload_copy)
    i.__scatterload_null                     0x08001f76   Section        2  handlers.o(i.__scatterload_null)
    i.__scatterload_zeroinit                 0x08001f78   Section       14  handlers.o(i.__scatterload_zeroinit)
    i._printf_core                           0x08001f88   Section        0  printf6.o(i._printf_core)
    _printf_core                             0x08001f89   Thumb Code   748  printf6.o(i._printf_core)
    i._printf_post_padding                   0x08002278   Section        0  printf6.o(i._printf_post_padding)
    _printf_post_padding                     0x08002279   Thumb Code    36  printf6.o(i._printf_post_padding)
    i._printf_pre_padding                    0x0800229c   Section        0  printf6.o(i._printf_pre_padding)
    _printf_pre_padding                      0x0800229d   Thumb Code    46  printf6.o(i._printf_pre_padding)
    i._sputc                                 0x080022ca   Section        0  printf6.o(i._sputc)
    _sputc                                   0x080022cb   Thumb Code    10  printf6.o(i._sputc)
    i.fputc                                  0x080022d4   Section        0  bsp_uart.o(i.fputc)
    i.main                                   0x080022f8   Section        0  main.o(i.main)
    .constdata                               0x08002468   Section     2584  bsp_oled.o(.constdata)
    .constdata                               0x08002e80   Section       64  ctype_c.o(.constdata)
    .data                                    0x20000000   Section       28  main.o(.data)
    key_set_mode                             0x20000018   Data           1  main.o(.data)
    g_disp_update                            0x20000019   Data           1  main.o(.data)
    .data                                    0x2000001c   Section        8  bsp_delay.o(.data)
    fac_us                                   0x2000001c   Data           4  bsp_delay.o(.data)
    fac_ms                                   0x20000020   Data           4  bsp_delay.o(.data)
    .data                                    0x20000024   Section       20  stm32f10x_rcc.o(.data)
    APBAHBPrescTable                         0x20000024   Data          16  stm32f10x_rcc.o(.data)
    ADCPrescTable                            0x20000034   Data           4  stm32f10x_rcc.o(.data)
    .data                                    0x20000038   Section       20  system_stm32f10x.o(.data)
    .data                                    0x2000004c   Section        4  stdout.o(.data)
    .bss                                     0x20000050   Section       42  main.o(.bss)
    STACK                                    0x20000080   Section     1024  startup_stm32f10x_hd.o(STACK)

    Global Symbols

    Symbol Name                              Value     Ov Type        Size  Object(Section)

    BuildAttributes$$THM_ISAv4$P$D$K$B$S$PE$A:L22UL41UL21$X:L11$S22US41US21$IEEE1$IW$USESV6$~STKCKD$USESV7$~SHL$OSPACE$ROPI$EBA8$MICROLIB$REQ8$PRES8$EABIv2 0x00000000   Number         0  anon$$obj.o ABSOLUTE
    __ARM_use_no_argv                        0x00000000   Number         0  main.o ABSOLUTE
    __use_no_errno                           0x00000000   Number         0  useno.o ABSOLUTE
    __use_no_exception_handling              0x00000000   Number         0  useno.o ABSOLUTE
    __use_no_fp                              0x00000000   Number         0  useno.o ABSOLUTE
    __use_no_heap                            0x00000000   Number         0  useno.o ABSOLUTE
    __use_no_heap_region                     0x00000000   Number         0  useno.o ABSOLUTE
    __use_no_semihosting                     0x00000000   Number         0  useno.o ABSOLUTE
    __use_no_semihosting_swi                 0x00000000   Number         0  useno.o ABSOLUTE
    __use_no_signal_handling                 0x00000000   Number         0  useno.o ABSOLUTE
    _printf_a                                0x00000000   Number         0  stubs.o ABSOLUTE
    _printf_c                                0x00000000   Number         0  stubs.o ABSOLUTE
    _printf_charcount                        0x00000000   Number         0  stubs.o ABSOLUTE
    _printf_d                                0x00000000   Number         0  stubs.o ABSOLUTE
    _printf_e                                0x00000000   Number         0  stubs.o ABSOLUTE
    _printf_f                                0x00000000   Number         0  stubs.o ABSOLUTE
    _printf_flags                            0x00000000   Number         0  stubs.o ABSOLUTE
    _printf_fp_dec                           0x00000000   Number         0  stubs.o ABSOLUTE
    _printf_fp_hex                           0x00000000   Number         0  stubs.o ABSOLUTE
    _printf_g                                0x00000000   Number         0  stubs.o ABSOLUTE
    _printf_i                                0x00000000   Number         0  stubs.o ABSOLUTE
    _printf_int_dec                          0x00000000   Number         0  stubs.o ABSOLUTE
    _printf_l                                0x00000000   Number         0  stubs.o ABSOLUTE
    _printf_lc                               0x00000000   Number         0  stubs.o ABSOLUTE
    _printf_ll                               0x00000000   Number         0  stubs.o ABSOLUTE
    _printf_lld                              0x00000000   Number         0  stubs.o ABSOLUTE
    _printf_lli                              0x00000000   Number         0  stubs.o ABSOLUTE
    _printf_llo                              0x00000000   Number         0  stubs.o ABSOLUTE
    _printf_llu                              0x00000000   Number         0  stubs.o ABSOLUTE
    _printf_llx                              0x00000000   Number         0  stubs.o ABSOLUTE
    _printf_longlong_dec                     0x00000000   Number         0  stubs.o ABSOLUTE
    _printf_longlong_hex                     0x00000000   Number         0  stubs.o ABSOLUTE
    _printf_longlong_oct                     0x00000000   Number         0  stubs.o ABSOLUTE
    _printf_ls                               0x00000000   Number         0  stubs.o ABSOLUTE
    _printf_mbtowc                           0x00000000   Number         0  stubs.o ABSOLUTE
    _printf_n                                0x00000000   Number         0  stubs.o ABSOLUTE
    _printf_o                                0x00000000   Number         0  stubs.o ABSOLUTE
    _printf_p                                0x00000000   Number         0  stubs.o ABSOLUTE
    _printf_percent                          0x00000000   Number         0  stubs.o ABSOLUTE
    _printf_pre_padding                      0x00000000   Number         0  stubs.o ABSOLUTE
    _printf_return_value                     0x00000000   Number         0  stubs.o ABSOLUTE
    _printf_s                                0x00000000   Number         0  stubs.o ABSOLUTE
    _printf_sizespec                         0x00000000   Number         0  stubs.o ABSOLUTE
    _printf_str                              0x00000000   Number         0  stubs.o ABSOLUTE
    _printf_truncate_signed                  0x00000000   Number         0  stubs.o ABSOLUTE
    _printf_truncate_unsigned                0x00000000   Number         0  stubs.o ABSOLUTE
    _printf_u                                0x00000000   Number         0  stubs.o ABSOLUTE
    _printf_wc                               0x00000000   Number         0  stubs.o ABSOLUTE
    _printf_wctomb                           0x00000000   Number         0  stubs.o ABSOLUTE
    _printf_widthprec                        0x00000000   Number         0  stubs.o ABSOLUTE
    _printf_x                                0x00000000   Number         0  stubs.o ABSOLUTE
    __cpp_initialize__aeabi_                  - Undefined Weak Reference
    __cxa_finalize                            - Undefined Weak Reference
    __decompress                              - Undefined Weak Reference
    _clock_init                               - Undefined Weak Reference
    _microlib_exit                            - Undefined Weak Reference
    _scanf_longlong                           - Undefined Weak Reference
    _scanf_real                               - Undefined Weak Reference
    _scanf_string                             - Undefined Weak Reference
    __Vectors_Size                           0x00000130   Number         0  startup_stm32f10x_hd.o ABSOLUTE
    __Vectors                                0x08000000   Data           4  startup_stm32f10x_hd.o(RESET)
    __Vectors_End                            0x08000130   Data           0  startup_stm32f10x_hd.o(RESET)
    __main                                   0x08000131   Thumb Code     0  entry.o(.ARM.Collect$$$$00000000)
    _main_stk                                0x08000131   Thumb Code     0  entry2.o(.ARM.Collect$$$$00000001)
    _main_scatterload                        0x08000135   Thumb Code     0  entry5.o(.ARM.Collect$$$$00000004)
    __main_after_scatterload                 0x08000139   Thumb Code     0  entry5.o(.ARM.Collect$$$$00000004)
    _main_clock                              0x08000139   Thumb Code     0  entry7b.o(.ARM.Collect$$$$00000008)
    _main_cpp_init                           0x08000139   Thumb Code     0  entry8b.o(.ARM.Collect$$$$0000000A)
    _main_init                               0x08000139   Thumb Code     0  entry9a.o(.ARM.Collect$$$$0000000B)
    __rt_final_cpp                           0x08000141   Thumb Code     0  entry10a.o(.ARM.Collect$$$$0000000D)
    __rt_final_exit                          0x08000141   Thumb Code     0  entry11a.o(.ARM.Collect$$$$0000000F)
    Reset_Handler                            0x08000145   Thumb Code     8  startup_stm32f10x_hd.o(.text)
    ADC1_2_IRQHandler                        0x0800015f   Thumb Code     0  startup_stm32f10x_hd.o(.text)
    ADC3_IRQHandler                          0x0800015f   Thumb Code     0  startup_stm32f10x_hd.o(.text)
    CAN1_RX1_IRQHandler                      0x0800015f   Thumb Code     0  startup_stm32f10x_hd.o(.text)
    CAN1_SCE_IRQHandler                      0x0800015f   Thumb Code     0  startup_stm32f10x_hd.o(.text)
    DMA1_Channel1_IRQHandler                 0x0800015f   Thumb Code     0  startup_stm32f10x_hd.o(.text)
    DMA1_Channel2_IRQHandler                 0x0800015f   Thumb Code     0  startup_stm32f10x_hd.o(.text)
    DMA1_Channel3_IRQHandler                 0x0800015f   Thumb Code     0  startup_stm32f10x_hd.o(.text)
    DMA1_Channel4_IRQHandler                 0x0800015f   Thumb Code     0  startup_stm32f10x_hd.o(.text)
    DMA1_Channel5_IRQHandler                 0x0800015f   Thumb Code     0  startup_stm32f10x_hd.o(.text)
    DMA1_Channel6_IRQHandler                 0x0800015f   Thumb Code     0  startup_stm32f10x_hd.o(.text)
    DMA1_Channel7_IRQHandler                 0x0800015f   Thumb Code     0  startup_stm32f10x_hd.o(.text)
    DMA2_Channel1_IRQHandler                 0x0800015f   Thumb Code     0  startup_stm32f10x_hd.o(.text)
    DMA2_Channel2_IRQHandler                 0x0800015f   Thumb Code     0  startup_stm32f10x_hd.o(.text)
    DMA2_Channel3_IRQHandler                 0x0800015f   Thumb Code     0  startup_stm32f10x_hd.o(.text)
    DMA2_Channel4_5_IRQHandler               0x0800015f   Thumb Code     0  startup_stm32f10x_hd.o(.text)
    EXTI0_IRQHandler                         0x0800015f   Thumb Code     0  startup_stm32f10x_hd.o(.text)
    EXTI1_IRQHandler                         0x0800015f   Thumb Code     0  startup_stm32f10x_hd.o(.text)
    EXTI2_IRQHandler                         0x0800015f   Thumb Code     0  startup_stm32f10x_hd.o(.text)
    EXTI3_IRQHandler                         0x0800015f   Thumb Code     0  startup_stm32f10x_hd.o(.text)
    EXTI4_IRQHandler                         0x0800015f   Thumb Code     0  startup_stm32f10x_hd.o(.text)
    FLASH_IRQHandler                         0x0800015f   Thumb Code     0  startup_stm32f10x_hd.o(.text)
    FSMC_IRQHandler                          0x0800015f   Thumb Code     0  startup_stm32f10x_hd.o(.text)
    I2C1_ER_IRQHandler                       0x0800015f   Thumb Code     0  startup_stm32f10x_hd.o(.text)
    I2C1_EV_IRQHandler                       0x0800015f   Thumb Code     0  startup_stm32f10x_hd.o(.text)
    I2C2_ER_IRQHandler                       0x0800015f   Thumb Code     0  startup_stm32f10x_hd.o(.text)
    I2C2_EV_IRQHandler                       0x0800015f   Thumb Code     0  startup_stm32f10x_hd.o(.text)
    PVD_IRQHandler                           0x0800015f   Thumb Code     0  startup_stm32f10x_hd.o(.text)
    RCC_IRQHandler                           0x0800015f   Thumb Code     0  startup_stm32f10x_hd.o(.text)
    RTCAlarm_IRQHandler                      0x0800015f   Thumb Code     0  startup_stm32f10x_hd.o(.text)
    RTC_IRQHandler                           0x0800015f   Thumb Code     0  startup_stm32f10x_hd.o(.text)
    SDIO_IRQHandler                          0x0800015f   Thumb Code     0  startup_stm32f10x_hd.o(.text)
    SPI1_IRQHandler                          0x0800015f   Thumb Code     0  startup_stm32f10x_hd.o(.text)
    SPI2_IRQHandler                          0x0800015f   Thumb Code     0  startup_stm32f10x_hd.o(.text)
    SPI3_IRQHandler                          0x0800015f   Thumb Code     0  startup_stm32f10x_hd.o(.text)
    TAMPER_IRQHandler                        0x0800015f   Thumb Code     0  startup_stm32f10x_hd.o(.text)
    TIM1_BRK_IRQHandler                      0x0800015f   Thumb Code     0  startup_stm32f10x_hd.o(.text)
    TIM1_CC_IRQHandler                       0x0800015f   Thumb Code     0  startup_stm32f10x_hd.o(.text)
    TIM1_TRG_COM_IRQHandler                  0x0800015f   Thumb Code     0  startup_stm32f10x_hd.o(.text)
    TIM1_UP_IRQHandler                       0x0800015f   Thumb Code     0  startup_stm32f10x_hd.o(.text)
    TIM3_IRQHandler                          0x0800015f   Thumb Code     0  startup_stm32f10x_hd.o(.text)
    TIM4_IRQHandler                          0x0800015f   Thumb Code     0  startup_stm32f10x_hd.o(.text)
    TIM5_IRQHandler                          0x0800015f   Thumb Code     0  startup_stm32f10x_hd.o(.text)
    TIM6_IRQHandler                          0x0800015f   Thumb Code     0  startup_stm32f10x_hd.o(.text)
    TIM7_IRQHandler                          0x0800015f   Thumb Code     0  startup_stm32f10x_hd.o(.text)
    TIM8_BRK_IRQHandler                      0x0800015f   Thumb Code     0  startup_stm32f10x_hd.o(.text)
    TIM8_CC_IRQHandler                       0x0800015f   Thumb Code     0  startup_stm32f10x_hd.o(.text)
    TIM8_TRG_COM_IRQHandler                  0x0800015f   Thumb Code     0  startup_stm32f10x_hd.o(.text)
    TIM8_UP_IRQHandler                       0x0800015f   Thumb Code     0  startup_stm32f10x_hd.o(.text)
    UART4_IRQHandler                         0x0800015f   Thumb Code     0  startup_stm32f10x_hd.o(.text)
    UART5_IRQHandler                         0x0800015f   Thumb Code     0  startup_stm32f10x_hd.o(.text)
    USART2_IRQHandler                        0x0800015f   Thumb Code     0  startup_stm32f10x_hd.o(.text)
    USART3_IRQHandler                        0x0800015f   Thumb Code     0  startup_stm32f10x_hd.o(.text)
    USBWakeUp_IRQHandler                     0x0800015f   Thumb Code     0  startup_stm32f10x_hd.o(.text)
    USB_HP_CAN1_TX_IRQHandler                0x0800015f   Thumb Code     0  startup_stm32f10x_hd.o(.text)
    USB_LP_CAN1_RX0_IRQHandler               0x0800015f   Thumb Code     0  startup_stm32f10x_hd.o(.text)
    WWDG_IRQHandler                          0x0800015f   Thumb Code     0  startup_stm32f10x_hd.o(.text)
    strncpy                                  0x08000169   Thumb Code    24  strncpy.o(.text)
    __0sscanf                                0x08000181   Thumb Code    48  __0sscanf.o(.text)
    _scanf_int                               0x080001b9   Thumb Code   332  _scanf_int.o(.text)
    __aeabi_uidiv                            0x08000305   Thumb Code     0  uidiv.o(.text)
    __aeabi_uidivmod                         0x08000305   Thumb Code    44  uidiv.o(.text)
    _chval                                   0x08000331   Thumb Code    28  _chval.o(.text)
    __vfscanf_char                           0x08000359   Thumb Code    20  scanf_char.o(.text)
    _sgetc                                   0x08000375   Thumb Code    30  _sgetc.o(.text)
    _sbackspace                              0x08000393   Thumb Code    34  _sgetc.o(.text)
    __scatterload                            0x080003b5   Thumb Code    28  init.o(.text)
    __scatterload_rt2                        0x080003b5   Thumb Code     0  init.o(.text)
    isspace                                  0x080003d9   Thumb Code    10  isspace_c.o(.text)
    __vfscanf                                0x080003e5   Thumb Code   808  _scanf.o(.text)
    __ctype_lookup                           0x08000711   Thumb Code    34  ctype_c.o(.text)
    ADC_Cmd                                  0x08000739   Thumb Code    22  stm32f10x_adc.o(i.ADC_Cmd)
    ADC_DeInit                               0x08000751   Thumb Code    78  stm32f10x_adc.o(i.ADC_DeInit)
    ADC_GetCalibrationStatus                 0x080007ad   Thumb Code    20  stm32f10x_adc.o(i.ADC_GetCalibrationStatus)
    ADC_GetConversionValue                   0x080007c1   Thumb Code     8  stm32f10x_adc.o(i.ADC_GetConversionValue)
    ADC_GetFlagStatus                        0x080007c9   Thumb Code    18  stm32f10x_adc.o(i.ADC_GetFlagStatus)
    ADC_GetResetCalibrationStatus            0x080007db   Thumb Code    20  stm32f10x_adc.o(i.ADC_GetResetCalibrationStatus)
    ADC_Init                                 0x080007f1   Thumb Code    70  stm32f10x_adc.o(i.ADC_Init)
    ADC_RegularChannelConfig                 0x08000841   Thumb Code   184  stm32f10x_adc.o(i.ADC_RegularChannelConfig)
    ADC_ResetCalibration                     0x080008f9   Thumb Code    10  stm32f10x_adc.o(i.ADC_ResetCalibration)
    ADC_SoftwareStartConvCmd                 0x08000903   Thumb Code    22  stm32f10x_adc.o(i.ADC_SoftwareStartConvCmd)
    ADC_StartCalibration                     0x08000919   Thumb Code    10  stm32f10x_adc.o(i.ADC_StartCalibration)
    BSP_ADC_Init                             0x08000925   Thumb Code   132  bsp_adc.o(i.BSP_ADC_Init)
    BSP_ADC_Read                             0x080009b1   Thumb Code    64  bsp_adc.o(i.BSP_ADC_Read)
    BSP_Delay_Init                           0x080009f5   Thumb Code    44  bsp_delay.o(i.BSP_Delay_Init)
    BSP_Delay_ms                             0x08000a31   Thumb Code    78  bsp_delay.o(i.BSP_Delay_ms)
    BSP_Key_Init                             0x08000ae5   Thumb Code     8  bsp_key.o(i.BSP_Key_Init)
    BSP_Key_Scan                             0x08000aed   Thumb Code    98  bsp_key.o(i.BSP_Key_Scan)
    BSP_LED_Init                             0x08000b89   Thumb Code     8  bsp_led.o(i.BSP_LED_Init)
    BSP_LED_Off                              0x08000b91   Thumb Code    76  bsp_led.o(i.BSP_LED_Off)
    BSP_LED_Toggle                           0x08000be1   Thumb Code   176  bsp_led.o(i.BSP_LED_Toggle)
    BSP_OLED_All                             0x08000c95   Thumb Code    64  bsp_oled.o(i.BSP_OLED_All)
    BSP_OLED_Clear                           0x08000cd5   Thumb Code    64  bsp_oled.o(i.BSP_OLED_Clear)
    BSP_OLED_Init                            0x08000d79   Thumb Code    16  bsp_oled.o(i.BSP_OLED_Init)
    BSP_OLED_SetPos                          0x08000df9   Thumb Code    42  bsp_oled.o(i.BSP_OLED_SetPos)
    BSP_OLED_ShowChar                        0x08000e25   Thumb Code   102  bsp_oled.o(i.BSP_OLED_ShowChar)
    BSP_OLED_ShowString                      0x08000e91   Thumb Code    54  bsp_oled.o(i.BSP_OLED_ShowString)
    BSP_OLED_WriteByte                       0x08000ec9   Thumb Code   118  bsp_oled.o(i.BSP_OLED_WriteByte)
    BSP_Timer_Init                           0x08000f49   Thumb Code    12  bsp_timer.o(i.BSP_Timer_Init)
    BSP_USART1_Init                          0x08000ff9   Thumb Code    76  bsp_uart.o(i.BSP_USART1_Init)
    BusFault_Handler                         0x0800106b   Thumb Code     4  stm32f10x_it.o(i.BusFault_Handler)
    DebugMon_Handler                         0x08001139   Thumb Code     2  stm32f10x_it.o(i.DebugMon_Handler)
    EXTI15_10_IRQHandler                     0x080012b1   Thumb Code    58  stm32f10x_it.o(i.EXTI15_10_IRQHandler)
    EXTI9_5_IRQHandler                       0x080012eb   Thumb Code    22  stm32f10x_it.o(i.EXTI9_5_IRQHandler)
    EXTI_ClearITPendingBit                   0x08001301   Thumb Code     6  stm32f10x_exti.o(i.EXTI_ClearITPendingBit)
    EXTI_GetITStatus                         0x0800130d   Thumb Code    34  stm32f10x_exti.o(i.EXTI_GetITStatus)
    GPIO_Init                                0x08001335   Thumb Code   278  stm32f10x_gpio.o(i.GPIO_Init)
    GPIO_ReadInputDataBit                    0x0800144b   Thumb Code    18  stm32f10x_gpio.o(i.GPIO_ReadInputDataBit)
    GPIO_ReadOutputDataBit                   0x0800145d   Thumb Code    18  stm32f10x_gpio.o(i.GPIO_ReadOutputDataBit)
    GPIO_ResetBits                           0x0800146f   Thumb Code     4  stm32f10x_gpio.o(i.GPIO_ResetBits)
    GPIO_SetBits                             0x08001473   Thumb Code     4  stm32f10x_gpio.o(i.GPIO_SetBits)
    GPIO_WriteBit                            0x08001477   Thumb Code    10  stm32f10x_gpio.o(i.GPIO_WriteBit)
    HardFault_Handler                        0x08001481   Thumb Code     4  stm32f10x_it.o(i.HardFault_Handler)
    MemManage_Handler                        0x08001485   Thumb Code     4  stm32f10x_it.o(i.MemManage_Handler)
    NMI_Handler                              0x08001489   Thumb Code     2  stm32f10x_it.o(i.NMI_Handler)
    NVIC_Init                                0x0800148d   Thumb Code   100  misc.o(i.NVIC_Init)
    NVIC_PriorityGroupConfig                 0x080014fd   Thumb Code    10  misc.o(i.NVIC_PriorityGroupConfig)
    PendSV_Handler                           0x08001511   Thumb Code     2  stm32f10x_it.o(i.PendSV_Handler)
    RCC_ADCCLKConfig                         0x0800182d   Thumb Code    18  stm32f10x_rcc.o(i.RCC_ADCCLKConfig)
    RCC_APB1PeriphClockCmd                   0x08001845   Thumb Code    26  stm32f10x_rcc.o(i.RCC_APB1PeriphClockCmd)
    RCC_APB2PeriphClockCmd                   0x08001865   Thumb Code    26  stm32f10x_rcc.o(i.RCC_APB2PeriphClockCmd)
    RCC_APB2PeriphResetCmd                   0x08001885   Thumb Code    26  stm32f10x_rcc.o(i.RCC_APB2PeriphResetCmd)
    RCC_GetClocksFreq                        0x080018a5   Thumb Code   192  stm32f10x_rcc.o(i.RCC_GetClocksFreq)
    SVC_Handler                              0x08001979   Thumb Code     2  stm32f10x_it.o(i.SVC_Handler)
    SysTick_CLKSourceConfig                  0x08001a65   Thumb Code    40  misc.o(i.SysTick_CLKSourceConfig)
    SysTick_Handler                          0x08001a8d   Thumb Code     2  stm32f10x_it.o(i.SysTick_Handler)
    SystemInit                               0x08001a91   Thumb Code    78  system_stm32f10x.o(i.SystemInit)
    TIM2_IRQHandler                          0x08001af1   Thumb Code   180  bsp_timer.o(i.TIM2_IRQHandler)
    TIM_ClearITPendingBit                    0x08001bc9   Thumb Code     6  stm32f10x_tim.o(i.TIM_ClearITPendingBit)
    TIM_Cmd                                  0x08001bcf   Thumb Code    24  stm32f10x_tim.o(i.TIM_Cmd)
    TIM_GetITStatus                          0x08001be7   Thumb Code    34  stm32f10x_tim.o(i.TIM_GetITStatus)
    TIM_ITConfig                             0x08001c09   Thumb Code    18  stm32f10x_tim.o(i.TIM_ITConfig)
    TIM_TimeBaseInit                         0x08001c1d   Thumb Code   122  stm32f10x_tim.o(i.TIM_TimeBaseInit)
    USART1_IRQHandler                        0x08001cc1   Thumb Code   110  main.o(i.USART1_IRQHandler)
    USART_ClearITPendingBit                  0x08001d41   Thumb Code    30  stm32f10x_usart.o(i.USART_ClearITPendingBit)
    USART_Cmd                                0x08001d5f   Thumb Code    24  stm32f10x_usart.o(i.USART_Cmd)
    USART_GetFlagStatus                      0x08001d77   Thumb Code    26  stm32f10x_usart.o(i.USART_GetFlagStatus)
    USART_GetITStatus                        0x08001d91   Thumb Code    84  stm32f10x_usart.o(i.USART_GetITStatus)
    USART_ITConfig                           0x08001de5   Thumb Code    74  stm32f10x_usart.o(i.USART_ITConfig)
    USART_Init                               0x08001e31   Thumb Code   210  stm32f10x_usart.o(i.USART_Init)
    USART_ReceiveData                        0x08001f09   Thumb Code    10  stm32f10x_usart.o(i.USART_ReceiveData)
    USART_SendData                           0x08001f13   Thumb Code     8  stm32f10x_usart.o(i.USART_SendData)
    UsageFault_Handler                       0x08001f1b   Thumb Code     4  stm32f10x_it.o(i.UsageFault_Handler)
    __0printf$6                              0x08001f21   Thumb Code    22  printf6.o(i.__0printf$6)
    __1printf$6                              0x08001f21   Thumb Code     0  printf6.o(i.__0printf$6)
    __2printf                                0x08001f21   Thumb Code     0  printf6.o(i.__0printf$6)
    __0sprintf$6                             0x08001f41   Thumb Code    34  printf6.o(i.__0sprintf$6)
    __1sprintf$6                             0x08001f41   Thumb Code     0  printf6.o(i.__0sprintf$6)
    __2sprintf                               0x08001f41   Thumb Code     0  printf6.o(i.__0sprintf$6)
    __scatterload_copy                       0x08001f69   Thumb Code    14  handlers.o(i.__scatterload_copy)
    __scatterload_null                       0x08001f77   Thumb Code     2  handlers.o(i.__scatterload_null)
    __scatterload_zeroinit                   0x08001f79   Thumb Code    14  handlers.o(i.__scatterload_zeroinit)
    fputc                                    0x080022d5   Thumb Code    32  bsp_uart.o(i.fputc)
    main                                     0x080022f9   Thumb Code   224  main.o(i.main)
    F6x8                                     0x08002468   Data         552  bsp_oled.o(.constdata)
    F8X16                                    0x08002690   Data        1520  bsp_oled.o(.constdata)
    Hzk                                      0x08002c80   Data         512  bsp_oled.o(.constdata)
    __ctype_categories                       0x08002e80   Data          64  ctype_c.o(.constdata)
    Region$$Table$$Base                      0x08002ec0   Number         0  anon$$obj.o(Region$$Table)
    Region$$Table$$Limit                     0x08002ee0   Number         0  anon$$obj.o(Region$$Table)
    ms_tick                                  0x20000000   Data           4  main.o(.data)
    one_second_flag                          0x20000004   Data           1  main.o(.data)
    alarm_red_led_timer                      0x20000008   Data           4  main.o(.data)
    g_temp_adc                               0x2000000c   Data           2  main.o(.data)
    g_temp_over_threshold                    0x2000000e   Data           1  main.o(.data)
    g_year                                   0x20000010   Data           2  main.o(.data)
    g_month                                  0x20000012   Data           1  main.o(.data)
    g_day                                    0x20000013   Data           1  main.o(.data)
    g_hour                                   0x20000014   Data           1  main.o(.data)
    g_minute                                 0x20000015   Data           1  main.o(.data)
    g_second                                 0x20000016   Data           1  main.o(.data)
    g_weekday                                0x20000017   Data           1  main.o(.data)
    rx_index                                 0x2000001a   Data           1  main.o(.data)
    rx_complete                              0x2000001b   Data           1  main.o(.data)
    SystemCoreClock                          0x20000038   Data           4  system_stm32f10x.o(.data)
    AHBPrescTable                            0x2000003c   Data          16  system_stm32f10x.o(.data)
    __stdout                                 0x2000004c   Data           4  stdout.o(.data)
    g_alarms                                 0x20000050   Data          12  main.o(.bss)
    rx_buffer                                0x2000005c   Data          30  main.o(.bss)
    __initial_sp                             0x20000480   Data           0  startup_stm32f10x_hd.o(STACK)



==============================================================================

Memory Map of the image

  Image Entry point : 0x08000131

  Load Region LR_IROM1 (Base: 0x08000000, Size: 0x00002f30, Max: 0x00040000, ABSOLUTE)

    Execution Region ER_IROM1 (Base: 0x08000000, Size: 0x00002ee0, Max: 0x00040000, ABSOLUTE)

    Base Addr    Size         Type   Attr      Idx    E Section Name        Object

    0x08000000   0x00000130   Data   RO         2175    RESET               startup_stm32f10x_hd.o
    0x08000130   0x00000000   Code   RO         2226  * .ARM.Collect$$$$00000000  mc_w.l(entry.o)
    0x08000130   0x00000004   Code   RO         2496    .ARM.Collect$$$$00000001  mc_w.l(entry2.o)
    0x08000134   0x00000004   Code   RO         2499    .ARM.Collect$$$$00000004  mc_w.l(entry5.o)
    0x08000138   0x00000000   Code   RO         2501    .ARM.Collect$$$$00000008  mc_w.l(entry7b.o)
    0x08000138   0x00000000   Code   RO         2503    .ARM.Collect$$$$0000000A  mc_w.l(entry8b.o)
    0x08000138   0x00000008   Code   RO         2504    .ARM.Collect$$$$0000000B  mc_w.l(entry9a.o)
    0x08000140   0x00000000   Code   RO         2506    .ARM.Collect$$$$0000000D  mc_w.l(entry10a.o)
    0x08000140   0x00000000   Code   RO         2508    .ARM.Collect$$$$0000000F  mc_w.l(entry11a.o)
    0x08000140   0x00000004   Code   RO         2497    .ARM.Collect$$$$00002712  mc_w.l(entry2.o)
    0x08000144   0x00000024   Code   RO         2176    .text               startup_stm32f10x_hd.o
    0x08000168   0x00000018   Code   RO         2229    .text               mc_w.l(strncpy.o)
    0x08000180   0x00000038   Code   RO         2492    .text               mc_w.l(__0sscanf.o)
    0x080001b8   0x0000014c   Code   RO         2494    .text               mc_w.l(_scanf_int.o)
    0x08000304   0x0000002c   Code   RO         2511    .text               mc_w.l(uidiv.o)
    0x08000330   0x0000001c   Code   RO         2515    .text               mc_w.l(_chval.o)
    0x0800034c   0x00000028   Code   RO         2517    .text               mc_w.l(scanf_char.o)
    0x08000374   0x00000040   Code   RO         2519    .text               mc_w.l(_sgetc.o)
    0x080003b4   0x00000024   Code   RO         2532    .text               mc_w.l(init.o)
    0x080003d8   0x0000000a   Code   RO         2540    .text               mc_w.l(isspace_c.o)
    0x080003e2   0x00000002   PAD
    0x080003e4   0x0000032c   Code   RO         2542    .text               mc_w.l(_scanf.o)
    0x08000710   0x00000028   Code   RO         2546    .text               mc_w.l(ctype_c.o)
    0x08000738   0x00000016   Code   RO          792    i.ADC_Cmd           stm32f10x_adc.o
    0x0800074e   0x00000002   PAD
    0x08000750   0x0000005c   Code   RO          794    i.ADC_DeInit        stm32f10x_adc.o
    0x080007ac   0x00000014   Code   RO          800    i.ADC_GetCalibrationStatus  stm32f10x_adc.o
    0x080007c0   0x00000008   Code   RO          801    i.ADC_GetConversionValue  stm32f10x_adc.o
    0x080007c8   0x00000012   Code   RO          803    i.ADC_GetFlagStatus  stm32f10x_adc.o
    0x080007da   0x00000014   Code   RO          806    i.ADC_GetResetCalibrationStatus  stm32f10x_adc.o
    0x080007ee   0x00000002   PAD
    0x080007f0   0x00000050   Code   RO          810    i.ADC_Init          stm32f10x_adc.o
    0x08000840   0x000000b8   Code   RO          814    i.ADC_RegularChannelConfig  stm32f10x_adc.o
    0x080008f8   0x0000000a   Code   RO          815    i.ADC_ResetCalibration  stm32f10x_adc.o
    0x08000902   0x00000016   Code   RO          817    i.ADC_SoftwareStartConvCmd  stm32f10x_adc.o
    0x08000918   0x0000000a   Code   RO          819    i.ADC_StartCalibration  stm32f10x_adc.o
    0x08000922   0x00000002   PAD
    0x08000924   0x0000008c   Code   RO          708    i.BSP_ADC_Init      bsp_adc.o
    0x080009b0   0x00000044   Code   RO          709    i.BSP_ADC_Read      bsp_adc.o
    0x080009f4   0x0000003c   Code   RO          234    i.BSP_Delay_Init    bsp_delay.o
    0x08000a30   0x00000054   Code   RO          235    i.BSP_Delay_ms      bsp_delay.o
    0x08000a84   0x00000060   Code   RO          309    i.BSP_Key_GPIO_Init  bsp_key.o
    0x08000ae4   0x00000008   Code   RO          310    i.BSP_Key_Init      bsp_key.o
    0x08000aec   0x0000006c   Code   RO          311    i.BSP_Key_Scan      bsp_key.o
    0x08000b58   0x00000030   Code   RO          344    i.BSP_LED_GPIO_Init  bsp_led.o
    0x08000b88   0x00000008   Code   RO          345    i.BSP_LED_Init      bsp_led.o
    0x08000b90   0x00000050   Code   RO          346    i.BSP_LED_Off       bsp_led.o
    0x08000be0   0x000000b4   Code   RO          348    i.BSP_LED_Toggle    bsp_led.o
    0x08000c94   0x00000040   Code   RO          391    i.BSP_OLED_All      bsp_oled.o
    0x08000cd4   0x00000040   Code   RO          392    i.BSP_OLED_Clear    bsp_oled.o
    0x08000d14   0x00000064   Code   RO          397    i.BSP_OLED_GPIO_Init  bsp_oled.o
    0x08000d78   0x00000010   Code   RO          398    i.BSP_OLED_Init     bsp_oled.o
    0x08000d88   0x00000070   Code   RO          400    i.BSP_OLED_SD1306_Init  bsp_oled.o
    0x08000df8   0x0000002a   Code   RO          407    i.BSP_OLED_SetPos   bsp_oled.o
    0x08000e22   0x00000002   PAD
    0x08000e24   0x0000006c   Code   RO          408    i.BSP_OLED_ShowChar  bsp_oled.o
    0x08000e90   0x00000036   Code   RO          411    i.BSP_OLED_ShowString  bsp_oled.o
    0x08000ec6   0x00000002   PAD
    0x08000ec8   0x00000080   Code   RO          412    i.BSP_OLED_WriteByte  bsp_oled.o
    0x08000f48   0x0000000c   Code   RO          603    i.BSP_Timer_Init    bsp_timer.o
    0x08000f54   0x00000020   Code   RO          604    i.BSP_Timer_NVIC_Init  bsp_timer.o
    0x08000f74   0x00000040   Code   RO          605    i.BSP_Timer_TIM2_Init  bsp_timer.o
    0x08000fb4   0x00000044   Code   RO          644    i.BSP_USART1_GPIO_Init  bsp_uart.o
    0x08000ff8   0x00000050   Code   RO          645    i.BSP_USART1_Init   bsp_uart.o
    0x08001048   0x00000022   Code   RO          646    i.BSP_USART1_NVIC_Init  bsp_uart.o
    0x0800106a   0x00000004   Code   RO          142    i.BusFault_Handler  stm32f10x_it.o
    0x0800106e   0x00000002   PAD
    0x08001070   0x000000c8   Code   RO            4    i.Check_Alarm       main.o
    0x08001138   0x00000002   Code   RO          143    i.DebugMon_Handler  stm32f10x_it.o
    0x0800113a   0x00000002   PAD
    0x0800113c   0x00000174   Code   RO            5    i.Display_Time      main.o
    0x080012b0   0x0000003a   Code   RO          144    i.EXTI15_10_IRQHandler  stm32f10x_it.o
    0x080012ea   0x00000016   Code   RO          145    i.EXTI9_5_IRQHandler  stm32f10x_it.o
    0x08001300   0x0000000c   Code   RO         1021    i.EXTI_ClearITPendingBit  stm32f10x_exti.o
    0x0800130c   0x00000028   Code   RO         1025    i.EXTI_GetITStatus  stm32f10x_exti.o
    0x08001334   0x00000116   Code   RO         1092    i.GPIO_Init         stm32f10x_gpio.o
    0x0800144a   0x00000012   Code   RO         1096    i.GPIO_ReadInputDataBit  stm32f10x_gpio.o
    0x0800145c   0x00000012   Code   RO         1098    i.GPIO_ReadOutputDataBit  stm32f10x_gpio.o
    0x0800146e   0x00000004   Code   RO         1099    i.GPIO_ResetBits    stm32f10x_gpio.o
    0x08001472   0x00000004   Code   RO         1100    i.GPIO_SetBits      stm32f10x_gpio.o
    0x08001476   0x0000000a   Code   RO         1103    i.GPIO_WriteBit     stm32f10x_gpio.o
    0x08001480   0x00000004   Code   RO          146    i.HardFault_Handler  stm32f10x_it.o
    0x08001484   0x00000004   Code   RO          147    i.MemManage_Handler  stm32f10x_it.o
    0x08001488   0x00000002   Code   RO          148    i.NMI_Handler       stm32f10x_it.o
    0x0800148a   0x00000002   PAD
    0x0800148c   0x00000070   Code   RO          738    i.NVIC_Init         misc.o
    0x080014fc   0x00000014   Code   RO          739    i.NVIC_PriorityGroupConfig  misc.o
    0x08001510   0x00000002   Code   RO          149    i.PendSV_Handler    stm32f10x_it.o
    0x08001512   0x00000002   PAD
    0x08001514   0x000001b8   Code   RO            6    i.Process_Key       main.o
    0x080016cc   0x00000160   Code   RO            7    i.Process_Serial_Command  main.o
    0x0800182c   0x00000018   Code   RO         1212    i.RCC_ADCCLKConfig  stm32f10x_rcc.o
    0x08001844   0x00000020   Code   RO         1214    i.RCC_APB1PeriphClockCmd  stm32f10x_rcc.o
    0x08001864   0x00000020   Code   RO         1216    i.RCC_APB2PeriphClockCmd  stm32f10x_rcc.o
    0x08001884   0x00000020   Code   RO         1217    i.RCC_APB2PeriphResetCmd  stm32f10x_rcc.o
    0x080018a4   0x000000d4   Code   RO         1224    i.RCC_GetClocksFreq  stm32f10x_rcc.o
    0x08001978   0x00000002   Code   RO          150    i.SVC_Handler       stm32f10x_it.o
    0x0800197a   0x00000008   Code   RO         2183    i.SetSysClock       system_stm32f10x.o
    0x08001982   0x00000002   PAD
    0x08001984   0x000000e0   Code   RO         2184    i.SetSysClockTo72   system_stm32f10x.o
    0x08001a64   0x00000028   Code   RO          742    i.SysTick_CLKSourceConfig  misc.o
    0x08001a8c   0x00000002   Code   RO          151    i.SysTick_Handler   stm32f10x_it.o
    0x08001a8e   0x00000002   PAD
    0x08001a90   0x00000060   Code   RO         2186    i.SystemInit        system_stm32f10x.o
    0x08001af0   0x000000d8   Code   RO          606    i.TIM2_IRQHandler   bsp_timer.o
    0x08001bc8   0x00000006   Code   RO         1435    i.TIM_ClearITPendingBit  stm32f10x_tim.o
    0x08001bce   0x00000018   Code   RO         1440    i.TIM_Cmd           stm32f10x_tim.o
    0x08001be6   0x00000022   Code   RO         1461    i.TIM_GetITStatus   stm32f10x_tim.o
    0x08001c08   0x00000012   Code   RO         1465    i.TIM_ITConfig      stm32f10x_tim.o
    0x08001c1a   0x00000002   PAD
    0x08001c1c   0x000000a4   Code   RO         1511    i.TIM_TimeBaseInit  stm32f10x_tim.o
    0x08001cc0   0x00000080   Code   RO            8    i.USART1_IRQHandler  main.o
    0x08001d40   0x0000001e   Code   RO         1985    i.USART_ClearITPendingBit  stm32f10x_usart.o
    0x08001d5e   0x00000018   Code   RO         1988    i.USART_Cmd         stm32f10x_usart.o
    0x08001d76   0x0000001a   Code   RO         1991    i.USART_GetFlagStatus  stm32f10x_usart.o
    0x08001d90   0x00000054   Code   RO         1992    i.USART_GetITStatus  stm32f10x_usart.o
    0x08001de4   0x0000004a   Code   RO         1994    i.USART_ITConfig    stm32f10x_usart.o
    0x08001e2e   0x00000002   PAD
    0x08001e30   0x000000d8   Code   RO         1995    i.USART_Init        stm32f10x_usart.o
    0x08001f08   0x0000000a   Code   RO         2002    i.USART_ReceiveData  stm32f10x_usart.o
    0x08001f12   0x00000008   Code   RO         2005    i.USART_SendData    stm32f10x_usart.o
    0x08001f1a   0x00000004   Code   RO          152    i.UsageFault_Handler  stm32f10x_it.o
    0x08001f1e   0x00000002   PAD
    0x08001f20   0x00000020   Code   RO         2386    i.__0printf$6       mc_w.l(printf6.o)
    0x08001f40   0x00000028   Code   RO         2388    i.__0sprintf$6      mc_w.l(printf6.o)
    0x08001f68   0x0000000e   Code   RO         2551    i.__scatterload_copy  mc_w.l(handlers.o)
    0x08001f76   0x00000002   Code   RO         2552    i.__scatterload_null  mc_w.l(handlers.o)
    0x08001f78   0x0000000e   Code   RO         2553    i.__scatterload_zeroinit  mc_w.l(handlers.o)
    0x08001f86   0x00000002   PAD
    0x08001f88   0x000002f0   Code   RO         2393    i._printf_core      mc_w.l(printf6.o)
    0x08002278   0x00000024   Code   RO         2394    i._printf_post_padding  mc_w.l(printf6.o)
    0x0800229c   0x0000002e   Code   RO         2395    i._printf_pre_padding  mc_w.l(printf6.o)
    0x080022ca   0x0000000a   Code   RO         2397    i._sputc            mc_w.l(printf6.o)
    0x080022d4   0x00000024   Code   RO          651    i.fputc             bsp_uart.o
    0x080022f8   0x00000170   Code   RO            9    i.main              main.o
    0x08002468   0x00000a18   Data   RO          415    .constdata          bsp_oled.o
    0x08002e80   0x00000040   Data   RO         2547    .constdata          mc_w.l(ctype_c.o)
    0x08002ec0   0x00000020   Data   RO         2549    Region$$Table       anon$$obj.o


    Execution Region RW_IRAM1 (Base: 0x20000000, Size: 0x00000480, Max: 0x0000c000, ABSOLUTE)

    Base Addr    Size         Type   Attr      Idx    E Section Name        Object

    0x20000000   0x0000001c   Data   RW           11    .data               main.o
    0x2000001c   0x00000008   Data   RW          237    .data               bsp_delay.o
    0x20000024   0x00000014   Data   RW         1244    .data               stm32f10x_rcc.o
    0x20000038   0x00000014   Data   RW         2187    .data               system_stm32f10x.o
    0x2000004c   0x00000004   Data   RW         2510    .data               mc_w.l(stdout.o)
    0x20000050   0x0000002a   Zero   RW           10    .bss                main.o
    0x2000007a   0x00000006   PAD
    0x20000080   0x00000400   Zero   RW         2173    STACK               startup_stm32f10x_hd.o


==============================================================================

Image component sizes


      Code (inc. data)   RO Data    RW Data    ZI Data      Debug   Object Name

       208         12          0          0          0       1090   bsp_adc.o
       144         22          0          8          0       1140   bsp_delay.o
       212         18          0          0          0       1454   bsp_key.o
       316         12          0          0          0       1954   bsp_led.o
       688         30       2584          0          0       5760   bsp_oled.o
       324         36          0          0          0       1827   bsp_timer.o
       218         14          0          0          0       1950   bsp_uart.o
      1860        570          0         28         42     267470   main.o
       172         22          0          0          0       2245   misc.o
        36          8        304          0       1024        788   startup_stm32f10x_hd.o
       486         24          0          0          0       9058   stm32f10x_adc.o
        52         12          0          0          0       1200   stm32f10x_exti.o
       332          0          0          0          0       5145   stm32f10x_gpio.o
       106          0          0          0          0       5574   stm32f10x_it.o
       332         44          0         20          0       5794   stm32f10x_rcc.o
       246         42          0          0          0       3810   stm32f10x_tim.o
       472          6          0          0          0       7159   stm32f10x_usart.o
       328         28          0         20          0       2145   system_stm32f10x.o

    ----------------------------------------------------------------------
      6560        900       2920         76       1072     325563   Object Totals
         0          0         32          0          0          0   (incl. Generated)
        28          0          0          0          6          0   (incl. Padding)

    ----------------------------------------------------------------------

      Code (inc. data)   RO Data    RW Data    ZI Data      Debug   Library Member Name

        56          8          0          0          0         84   __0sscanf.o
        28          0          0          0          0         68   _chval.o
       812          4          0          0          0        112   _scanf.o
       332          0          0          0          0         96   _scanf_int.o
        64          0          0          0          0         84   _sgetc.o
        40          6         64          0          0         68   ctype_c.o
         0          0          0          0          0          0   entry.o
         0          0          0          0          0          0   entry10a.o
         0          0          0          0          0          0   entry11a.o
         8          4          0          0          0          0   entry2.o
         4          0          0          0          0          0   entry5.o
         0          0          0          0          0          0   entry7b.o
         0          0          0          0          0          0   entry8b.o
         8          4          0          0          0          0   entry9a.o
        30          0          0          0          0          0   handlers.o
        36          8          0          0          0         68   init.o
        10          0          0          0          0         68   isspace_c.o
       916         20          0          0          0        504   printf6.o
        40          8          0          0          0         84   scanf_char.o
         0          0          0          4          0          0   stdout.o
        24          0          0          0          0         76   strncpy.o
        44          0          0          0          0         80   uidiv.o

    ----------------------------------------------------------------------
      2456         62         64          4          0       1392   Library Totals
         4          0          0          0          0          0   (incl. Padding)

    ----------------------------------------------------------------------

      Code (inc. data)   RO Data    RW Data    ZI Data      Debug   Library Name

      2452         62         64          4          0       1392   mc_w.l

    ----------------------------------------------------------------------
      2456         62         64          4          0       1392   Library Totals

    ----------------------------------------------------------------------

==============================================================================


      Code (inc. data)   RO Data    RW Data    ZI Data      Debug   

      9016        962       2984         80       1072     322011   Grand Totals
      9016        962       2984         80       1072     322011   ELF Image Totals
      9016        962       2984         80          0          0   ROM Totals

==============================================================================

    Total RO  Size (Code + RO Data)                12000 (  11.72kB)
    Total RW  Size (RW Data + ZI Data)              1152 (   1.13kB)
    Total ROM Size (Code + RO Data + RW Data)      12080 (  11.80kB)

==============================================================================

